Archive member included to satisfy reference by file (symbol)

I:/arm-gnu-toolchain-13.2.rel1-mingw-w64-i686-arm-none-eabi/arm-gnu-toolchain-13.2.Rel1-mingw-w64-i686-arm-none-eabi/bin/../lib/gcc/arm-none-eabi/13.2.1/thumb/v7-m/nofp\libgcc.a(_arm_muldf3.o)
                              CMakeFiles/CLion_FreeRTOS_F103C8.elf.dir/BSP/music.c.obj (__aeabi_dmul)
I:/arm-gnu-toolchain-13.2.rel1-mingw-w64-i686-arm-none-eabi/arm-gnu-toolchain-13.2.Rel1-mingw-w64-i686-arm-none-eabi/bin/../lib/gcc/arm-none-eabi/13.2.1/thumb/v7-m/nofp\libgcc.a(_arm_mulsf3.o)
                              CMakeFiles/CLion_FreeRTOS_F103C8.elf.dir/BSP/music.c.obj (__aeabi_fmul)
I:/arm-gnu-toolchain-13.2.rel1-mingw-w64-i686-arm-none-eabi/arm-gnu-toolchain-13.2.Rel1-mingw-w64-i686-arm-none-eabi/bin/../lib/gcc/arm-none-eabi/13.2.1/thumb/v7-m/nofp\libgcc.a(_arm_addsubdf3.o)
                              CMakeFiles/CLion_FreeRTOS_F103C8.elf.dir/Core/Src/stm32f1xx_it.c.obj (__aeabi_ui2d)
I:/arm-gnu-toolchain-13.2.rel1-mingw-w64-i686-arm-none-eabi/arm-gnu-toolchain-13.2.Rel1-mingw-w64-i686-arm-none-eabi/bin/../lib/gcc/arm-none-eabi/13.2.1/thumb/v7-m/nofp\libgcc.a(_arm_fixunsdfsi.o)
                              CMakeFiles/CLion_FreeRTOS_F103C8.elf.dir/BSP/music.c.obj (__aeabi_d2uiz)
I:/arm-gnu-toolchain-13.2.rel1-mingw-w64-i686-arm-none-eabi/arm-gnu-toolchain-13.2.Rel1-mingw-w64-i686-arm-none-eabi/bin/../lib/gcc/arm-none-eabi/13.2.1/thumb/v7-m/nofp\libgcc.a(_arm_addsubsf3.o)
                              CMakeFiles/CLion_FreeRTOS_F103C8.elf.dir/BSP/HCSR04.c.obj (__aeabi_fadd)
I:/arm-gnu-toolchain-13.2.rel1-mingw-w64-i686-arm-none-eabi/arm-gnu-toolchain-13.2.Rel1-mingw-w64-i686-arm-none-eabi/bin/../lib/gcc/arm-none-eabi/13.2.1/thumb/v7-m/nofp\libgcc.a(_arm_muldivsf3.o)
                              CMakeFiles/CLion_FreeRTOS_F103C8.elf.dir/BSP/HCSR04.c.obj (__aeabi_fdiv)
I:/arm-gnu-toolchain-13.2.rel1-mingw-w64-i686-arm-none-eabi/arm-gnu-toolchain-13.2.Rel1-mingw-w64-i686-arm-none-eabi/bin/../lib/gcc/arm-none-eabi/13.2.1/thumb/v7-m/nofp\libgcc.a(_arm_fixsfsi.o)
                              CMakeFiles/CLion_FreeRTOS_F103C8.elf.dir/BSP/music.c.obj (__aeabi_f2iz)
I:/arm-gnu-toolchain-13.2.rel1-mingw-w64-i686-arm-none-eabi/arm-gnu-toolchain-13.2.Rel1-mingw-w64-i686-arm-none-eabi/bin/../lib/gcc/arm-none-eabi/13.2.1/thumb/v7-m/nofp\libg.a(libc_a-exit.o)
                              I:/arm-gnu-toolchain-13.2.rel1-mingw-w64-i686-arm-none-eabi/arm-gnu-toolchain-13.2.Rel1-mingw-w64-i686-arm-none-eabi/bin/../lib/gcc/arm-none-eabi/13.2.1/thumb/v7-m/nofp/crt0.o (exit)
I:/arm-gnu-toolchain-13.2.rel1-mingw-w64-i686-arm-none-eabi/arm-gnu-toolchain-13.2.Rel1-mingw-w64-i686-arm-none-eabi/bin/../lib/gcc/arm-none-eabi/13.2.1/thumb/v7-m/nofp\libg.a(libc_a-findfp.o)
                              I:/arm-gnu-toolchain-13.2.rel1-mingw-w64-i686-arm-none-eabi/arm-gnu-toolchain-13.2.Rel1-mingw-w64-i686-arm-none-eabi/bin/../lib/gcc/arm-none-eabi/13.2.1/thumb/v7-m/nofp\libg.a(libc_a-exit.o) (__stdio_exit_handler)
I:/arm-gnu-toolchain-13.2.rel1-mingw-w64-i686-arm-none-eabi/arm-gnu-toolchain-13.2.Rel1-mingw-w64-i686-arm-none-eabi/bin/../lib/gcc/arm-none-eabi/13.2.1/thumb/v7-m/nofp\libg.a(libc_a-fwalk.o)
                              I:/arm-gnu-toolchain-13.2.rel1-mingw-w64-i686-arm-none-eabi/arm-gnu-toolchain-13.2.Rel1-mingw-w64-i686-arm-none-eabi/bin/../lib/gcc/arm-none-eabi/13.2.1/thumb/v7-m/nofp\libg.a(libc_a-findfp.o) (_fwalk_sglue)
I:/arm-gnu-toolchain-13.2.rel1-mingw-w64-i686-arm-none-eabi/arm-gnu-toolchain-13.2.Rel1-mingw-w64-i686-arm-none-eabi/bin/../lib/gcc/arm-none-eabi/13.2.1/thumb/v7-m/nofp\libg.a(libc_a-stdio.o)
                              I:/arm-gnu-toolchain-13.2.rel1-mingw-w64-i686-arm-none-eabi/arm-gnu-toolchain-13.2.Rel1-mingw-w64-i686-arm-none-eabi/bin/../lib/gcc/arm-none-eabi/13.2.1/thumb/v7-m/nofp\libg.a(libc_a-findfp.o) (__sread)
I:/arm-gnu-toolchain-13.2.rel1-mingw-w64-i686-arm-none-eabi/arm-gnu-toolchain-13.2.Rel1-mingw-w64-i686-arm-none-eabi/bin/../lib/gcc/arm-none-eabi/13.2.1/thumb/v7-m/nofp\libg.a(libc_a-memset.o)
                              I:/arm-gnu-toolchain-13.2.rel1-mingw-w64-i686-arm-none-eabi/arm-gnu-toolchain-13.2.Rel1-mingw-w64-i686-arm-none-eabi/bin/../lib/gcc/arm-none-eabi/13.2.1/thumb/v7-m/nofp/crt0.o (memset)
I:/arm-gnu-toolchain-13.2.rel1-mingw-w64-i686-arm-none-eabi/arm-gnu-toolchain-13.2.Rel1-mingw-w64-i686-arm-none-eabi/bin/../lib/gcc/arm-none-eabi/13.2.1/thumb/v7-m/nofp\libg.a(libc_a-closer.o)
                              I:/arm-gnu-toolchain-13.2.rel1-mingw-w64-i686-arm-none-eabi/arm-gnu-toolchain-13.2.Rel1-mingw-w64-i686-arm-none-eabi/bin/../lib/gcc/arm-none-eabi/13.2.1/thumb/v7-m/nofp\libg.a(libc_a-stdio.o) (_close_r)
I:/arm-gnu-toolchain-13.2.rel1-mingw-w64-i686-arm-none-eabi/arm-gnu-toolchain-13.2.Rel1-mingw-w64-i686-arm-none-eabi/bin/../lib/gcc/arm-none-eabi/13.2.1/thumb/v7-m/nofp\libg.a(libc_a-reent.o)
[...]
Memory Configuration

Name             Origin             Length             Attributes
RAM              0x20000000         0x00005000         xrw
FLASH            0x08000000         0x00010000         xr
*default*        0x00000000         0xffffffff

Linker script and memory map

LOAD I:/arm-gnu-toolchain-13.2.rel1-mingw-w64-i686-arm-none-eabi/arm-gnu-toolchain-13.2.Rel1-mingw-w64-i686-arm-none-eabi/bin/../lib/gcc/arm-none-eabi/13.2.1/thumb/v7-m/nofp/crti.o
LOAD I:/arm-gnu-toolchain-13.2.rel1-mingw-w64-i686-arm-none-eabi/arm-gnu-toolchain-13.2.Rel1-mingw-w64-i686-arm-none-eabi/bin/../lib/gcc/arm-none-eabi/13.2.1/thumb/v7-m/nofp/crtbegin.o
LOAD I:/arm-gnu-toolchain-13.2.rel1-mingw-w64-i686-arm-none-eabi/arm-gnu-toolchain-13.2.Rel1-mingw-w64-i686-arm-none-eabi/bin/../lib/gcc/arm-none-eabi/13.2.1/thumb/v7-m/nofp/crt0.o
LOAD CMakeFiles/CLion_FreeRTOS_F103C8.elf.dir/BSP/AD.c.obj
LOAD CMakeFiles/CLion_FreeRTOS_F103C8.elf.dir/BSP/Encoder.c.obj
LOAD CMakeFiles/CLion_FreeRTOS_F103C8.elf.dir/BSP/HCSR04.c.obj
LOAD CMakeFiles/CLion_FreeRTOS_F103C8.elf.dir/BSP/JoyStick.c.obj
LOAD CMakeFiles/CLion_FreeRTOS_F103C8.elf.dir/BSP/Key.c.obj
LOAD CMakeFiles/CLion_FreeRTOS_F103C8.elf.dir/BSP/Keyboard.c.obj
LOAD CMakeFiles/CLion_FreeRTOS_F103C8.elf.dir/BSP/LED.c.obj
LOAD CMakeFiles/CLion_FreeRTOS_F103C8.elf.dir/BSP/MAX7219_Tube.c.obj
LOAD CMakeFiles/CLion_FreeRTOS_F103C8.elf.dir/BSP/OLED.c.obj
LOAD CMakeFiles/CLion_FreeRTOS_F103C8.elf.dir/BSP/PWM.c.obj
LOAD CMakeFiles/CLion_FreeRTOS_F103C8.elf.dir/BSP/Passive_Buzzer.c.obj
LOAD CMakeFiles/CLion_FreeRTOS_F103C8.elf.dir/BSP/buzzer.c.obj
LOAD CMakeFiles/CLion_FreeRTOS_F103C8.elf.dir/BSP/music.c.obj
LOAD CMakeFiles/CLion_FreeRTOS_F103C8.elf.dir/Core/Src/adc.c.obj
LOAD CMakeFiles/CLion_FreeRTOS_F103C8.elf.dir/Core/Src/gpio.c.obj
LOAD CMakeFiles/CLion_FreeRTOS_F103C8.elf.dir/Core/Src/main.c.obj
LOAD CMakeFiles/CLion_FreeRTOS_F103C8.elf.dir/Core/Src/stm32f1xx_hal_msp.c.obj
LOAD CMakeFiles/CLion_FreeRTOS_F103C8.elf.dir/Core/Src/stm32f1xx_it.c.obj
LOAD CMakeFiles/CLion_FreeRTOS_F103C8.elf.dir/Core/Src/syscalls.c.obj
LOAD CMakeFiles/CLion_FreeRTOS_F103C8.elf.dir/Core/Src/sysmem.c.obj
LOAD CMakeFiles/CLion_FreeRTOS_F103C8.elf.dir/Core/Src/system_stm32f1xx.c.obj
LOAD CMakeFiles/CLion_FreeRTOS_F103C8.elf.dir/Core/Src/tim.c.obj
LOAD CMakeFiles/CLion_FreeRTOS_F103C8.elf.dir/Core/Startup/startup_stm32f103c8tx.s.obj
LOAD CMakeFiles/CLion_FreeRTOS_F103C8.elf.dir/Drivers/STM32F1xx_HAL_Driver/Src/stm32f1xx_hal.c.obj
LOAD CMakeFiles/CLion_FreeRTOS_F103C8.elf.dir/Drivers/STM32F1xx_HAL_Driver/Src/stm32f1xx_hal_adc.c.obj
LOAD CMakeFiles/CLion_FreeRTOS_F103C8.elf.dir/Drivers/STM32F1xx_HAL_Driver/Src/stm32f1xx_hal_adc_ex.c.obj
LOAD CMakeFiles/CLion_FreeRTOS_F103C8.elf.dir/Drivers/STM32F1xx_HAL_Driver/Src/stm32f1xx_hal_cortex.c.obj
LOAD CMakeFiles/CLion_FreeRTOS_F103C8.elf.dir/Drivers/STM32F1xx_HAL_Driver/Src/stm32f1xx_hal_dma.c.obj
LOAD CMakeFiles/CLion_FreeRTOS_F103C8.elf.dir/Drivers/STM32F1xx_HAL_Driver/Src/stm32f1xx_hal_exti.c.obj
LOAD CMakeFiles/CLion_FreeRTOS_F103C8.elf.dir/Drivers/STM32F1xx_HAL_Driver/Src/stm32f1xx_hal_flash.c.obj
LOAD CMakeFiles/CLion_FreeRTOS_F103C8.elf.dir/Drivers/STM32F1xx_HAL_Driver/Src/stm32f1xx_hal_flash_ex.c.obj
LOAD CMakeFiles/CLion_FreeRTOS_F103C8.elf.dir/Drivers/STM32F1xx_HAL_Driver/Src/stm32f1xx_hal_gpio.c.obj
LOAD CMakeFiles/CLion_FreeRTOS_F103C8.elf.dir/Drivers/STM32F1xx_HAL_Driver/Src/stm32f1xx_hal_gpio_ex.c.obj
LOAD CMakeFiles/CLion_FreeRTOS_F103C8.elf.dir/Drivers/STM32F1xx_HAL_Driver/Src/stm32f1xx_hal_pwr.c.obj
LOAD CMakeFiles/CLion_FreeRTOS_F103C8.elf.dir/Drivers/STM32F1xx_HAL_Driver/Src/stm32f1xx_hal_rcc.c.obj
LOAD CMakeFiles/CLion_FreeRTOS_F103C8.elf.dir/Drivers/STM32F1xx_HAL_Driver/Src/stm32f1xx_hal_rcc_ex.c.obj
LOAD CMakeFiles/CLion_FreeRTOS_F103C8.elf.dir/Drivers/STM32F1xx_HAL_Driver/Src/stm32f1xx_hal_tim.c.obj
LOAD CMakeFiles/CLion_FreeRTOS_F103C8.elf.dir/Drivers/STM32F1xx_HAL_Driver/Src/stm32f1xx_hal_tim_ex.c.obj
START GROUP
LOAD I:/arm-gnu-toolchain-13.2.rel1-mingw-w64-i686-arm-none-eabi/arm-gnu-toolchain-13.2.Rel1-mingw-w64-i686-arm-none-eabi/bin/../lib/gcc/arm-none-eabi/13.2.1/thumb/v7-m/nofp\libgcc.a
LOAD I:/arm-gnu-toolchain-13.2.rel1-mingw-w64-i686-arm-none-eabi/arm-gnu-toolchain-13.2.Rel1-mingw-w64-i686-arm-none-eabi/bin/../lib/gcc/arm-none-eabi/13.2.1/thumb/v7-m/nofp\libg.a
LOAD I:/arm-gnu-toolchain-13.2.rel1-mingw-w64-i686-arm-none-eabi/arm-gnu-toolchain-13.2.Rel1-mingw-w64-i686-arm-none-eabi/bin/../lib/gcc/arm-none-eabi/13.2.1/thumb/v7-m/nofp\libc.a
END GROUP
LOAD I:/arm-gnu-toolchain-13.2.rel1-mingw-w64-i686-arm-none-eabi/arm-gnu-toolchain-13.2.Rel1-mingw-w64-i686-arm-none-eabi/bin/../lib/gcc/arm-none-eabi/13.2.1/thumb/v7-m/nofp/crtend.o
LOAD I:/arm-gnu-toolchain-13.2.rel1-mingw-w64-i686-arm-none-eabi/arm-gnu-toolchain-13.2.Rel1-mingw-w64-i686-arm-none-eabi/bin/../lib/gcc/arm-none-eabi/13.2.1/thumb/v7-m/nofp/crtn.o
                0x20005000                        _estack = (ORIGIN (RAM) + LENGTH (RAM))
                0x00000200                        _Min_Heap_Size = 0x200
                0x00000400                        _Min_Stack_Size = 0x400

.isr_vector     0x08000000      0x10c
                0x08000000                        . = ALIGN (0x4)
 *(.isr_vector)
 .isr_vector    0x08000000      0x10c CMakeFiles/CLion_FreeRTOS_F103C8.elf.dir/Core/Startup/startup_stm32f103c8tx.s.obj
                0x08000000                g_pfnVectors
                0x0800010c                        . = ALIGN (0x4)

.text           0x08000110     0x51a8
                0x08000110                        . = ALIGN (0x4)
 *(.text)
 .text          0x08000110      0x378 I:/arm-gnu-toolchain-13.2.rel1-mingw-w64-i686-arm-none-eabi/arm-gnu-toolchain-13.2.Rel1-mingw-w64-i686-arm-none-eabi/bin/../lib/gcc/arm-none-eabi/13.2.1/thumb/v7-m/nofp\libgcc.a(_arm_addsubdf3.o)
                0x08000110                __aeabi_drsub
                0x08000118                __aeabi_dsub
                0x08000118                __subdf3
                0x0800011c                __aeabi_dadd
                0x0800011c                __adddf3
                0x08000394                __floatunsidf
                0x08000394                __aeabi_ui2d
                0x080003b4                __floatsidf
                0x080003b4                __aeabi_i2d
                0x080003d8                __aeabi_f2d
                0x080003d8                __extendsfdf2
                0x0800041c                __floatundidf
                0x0800041c                __aeabi_ul2d
                0x0800042c                __floatdidf
                0x0800042c                __aeabi_l2d
 .text          0x08000488       0x40 I:/arm-gnu-toolchain-13.2.rel1-mingw-w64-i686-arm-none-eabi/arm-gnu-toolchain-13.2.Rel1-mingw-w64-i686-arm-none-eabi/bin/../lib/gcc/arm-none-eabi/13.2.1/thumb/v7-m/nofp\libgcc.a(_arm_fixunsdfsi.o)
                0x08000488                __aeabi_d2uiz
                0x08000488                __fixunsdfsi
 .text          0x080004c8      0x21c I:/arm-gnu-toolchain-13.2.rel1-mingw-w64-i686-arm-none-eabi/arm-gnu-toolchain-13.2.Rel1-mingw-w64-i686-arm-none-eabi/bin/../lib/gcc/arm-none-eabi/13.2.1/thumb/v7-m/nofp\libgcc.a(_arm_addsubsf3.o)
                0x080004c8                __aeabi_frsub
                0x080004d0                __subsf3
                0x080004d0                __aeabi_fsub
                0x080004d4                __aeabi_fadd
                0x080004d4                __addsf3
                0x08000634                __aeabi_ui2f
                0x08000634                __floatunsisf
                0x0800063c                __aeabi_i2f
                0x0800063c                __floatsisf
                0x08000658                __aeabi_ul2f
                0x08000658                __floatundisf
                0x08000668                __aeabi_l2f
                0x08000668                __floatdisf
 .text          0x080006e4      0x2a0 I:/arm-gnu-toolchain-13.2.rel1-mingw-w64-i686-arm-none-eabi/arm-gnu-toolchain-13.2.Rel1-mingw-w64-i686-arm-none-eabi/bin/../lib/gcc/arm-none-eabi/13.2.1/thumb/v7-m/nofp\libgcc.a(_arm_muldivsf3.o)
                0x080006e4                __mulsf3
                0x080006e4                __aeabi_fmul
                0x0800084c                __aeabi_fdiv
                0x0800084c                __divsf3
 .text          0x08000984       0x4c I:/arm-gnu-toolchain-13.2.rel1-mingw-w64-i686-arm-none-eabi/arm-gnu-toolchain-13.2.Rel1-mingw-w64-i686-arm-none-eabi/bin/../lib/gcc/arm-none-eabi/13.2.1/thumb/v7-m/nofp\libgcc.a(_arm_fixsfsi.o)
                0x08000984                __aeabi_f2iz
                0x08000984                __fixsfsi
 .text          0x080009d0      0x424 I:/arm-gnu-toolchain-13.2.rel1-mingw-w64-i686-arm-none-eabi/arm-gnu-toolchain-13.2.Rel1-mingw-w64-i686-arm-none-eabi/bin/../lib/gcc/arm-none-eabi/13.2.1/thumb/v7-m/nofp\libgcc.a(_arm_muldivdf3.o)
                0x080009d0                __aeabi_dmul
                0x080009d0                __muldf3
                0x08000c24                __divdf3
                0x08000c24                __aeabi_ddiv
 .text          0x08000df4      0x110 I:/arm-gnu-toolchain-13.2.rel1-mingw-w64-i686-arm-none-eabi/arm-gnu-toolchain-13.2.Rel1-mingw-w64-i686-arm-none-eabi/bin/../lib/gcc/arm-none-eabi/13.2.1/thumb/v7-m/nofp\libgcc.a(_arm_cmpdf2.o)
                0x08000df4                __gtdf2
                0x08000df4                __gedf2
                0x08000dfc                __ltdf2
                0x08000dfc                __ledf2
                0x08000e04                __nedf2
                0x08000e04                __eqdf2
                0x08000e04                __cmpdf2
                0x08000e80                __aeabi_cdrcmple
                0x08000e90                __aeabi_cdcmpeq
                0x08000e90                __aeabi_cdcmple
                0x08000ea0                __aeabi_dcmpeq
                0x08000eb4                __aeabi_dcmplt
                0x08000ec8                __aeabi_dcmple
                0x08000edc                __aeabi_dcmpge
                0x08000ef0                __aeabi_dcmpgt
 .text          0x08000f04       0x2c I:/arm-gnu-toolchain-13.2.rel1-mingw-w64-i686-arm-none-eabi/arm-gnu-toolchain-13.2.Rel1-mingw-w64-i686-arm-none-eabi/bin/../lib/gcc/arm-none-eabi/13.2.1/thumb/v7-m/nofp\libgcc.a(_arm_unorddf2.o)
                0x08000f04                __unorddf2
                0x08000f04                __aeabi_dcmpun
 *(.text*)
 .text.deregister_tm_clones
                0x08000f30       0x1c I:/arm-gnu-toolchain-13.2.rel1-mingw-w64-i686-arm-none-eabi/arm-gnu-toolchain-13.2.Rel1-mingw-w64-i686-arm-none-eabi/bin/../lib/gcc/arm-none-eabi/13.2.1/thumb/v7-m/nofp/crtbegin.o
 .text.register_tm_clones
                0x08000f4c       0x24 I:/arm-gnu-toolchain-13.2.rel1-mingw-w64-i686-arm-none-eabi/arm-gnu-toolchain-13.2.Rel1-mingw-w64-i686-arm-none-eabi/bin/../lib/gcc/arm-none-eabi/13.2.1/thumb/v7-m/nofp/crtbegin.o
 .text.__do_global_dtors_aux
                0x08000f70       0x28 I:/arm-gnu-toolchain-13.2.rel1-mingw-w64-i686-arm-none-eabi/arm-gnu-toolchain-13.2.Rel1-mingw-w64-i686-arm-none-eabi/bin/../lib/gcc/arm-none-eabi/13.2.1/thumb/v7-m/nofp/crtbegin.o
 .text.frame_dummy
                0x08000f98       0x24 I:/arm-gnu-toolchain-13.2.rel1-mingw-w64-i686-arm-none-eabi/arm-gnu-toolchain-13.2.Rel1-mingw-w64-i686-arm-none-eabi/bin/../lib/gcc/arm-none-eabi/13.2.1/thumb/v7-m/nofp/crtbegin.o
 .text.AD_Init  0x08000fbc       0x68 CMakeFiles/CLion_FreeRTOS_F103C8.elf.dir/BSP/AD.c.obj
                0x08000fbc                AD_Init
 .text.Delay_us
                0x08001024       0x5c CMakeFiles/CLion_FreeRTOS_F103C8.elf.dir/BSP/HCSR04.c.obj
                0x08001024                Delay_us
 .text.Ultrasonic_Init
                0x08001080       0xac CMakeFiles/CLion_FreeRTOS_F103C8.elf.dir/BSP/HCSR04.c.obj
                0x08001080                Ultrasonic_Init
 .text.Open_Timer
                0x0800112c       0x1c CMakeFiles/CLion_FreeRTOS_F103C8.elf.dir/BSP/HCSR04.c.obj
                0x0800112c                Open_Timer
 .text.Get_TIMER_Count
                0x08001148       0x2c CMakeFiles/CLion_FreeRTOS_F103C8.elf.dir/BSP/HCSR04.c.obj
                0x08001148                Get_TIMER_Count
 .text.Close_Timer
                0x08001174       0x10 CMakeFiles/CLion_FreeRTOS_F103C8.elf.dir/BSP/HCSR04.c.obj
                0x08001174                Close_Timer
 .text.Hcsr04GetLength
                0x08001184       0x88 CMakeFiles/CLion_FreeRTOS_F103C8.elf.dir/BSP/HCSR04.c.obj
                0x08001184                Hcsr04GetLength
 .text.JoyStick_Init
                0x0800120c       0x44 CMakeFiles/CLion_FreeRTOS_F103C8.elf.dir/BSP/JoyStick.c.obj
                0x0800120c                JoyStick_Init
 .text.Key_Init_A
                0x08001250       0x3c CMakeFiles/CLion_FreeRTOS_F103C8.elf.dir/BSP/Key.c.obj
                0x08001250                Key_Init_A
 .text.Key_Init_B
                0x0800128c       0x3c CMakeFiles/CLion_FreeRTOS_F103C8.elf.dir/BSP/Key.c.obj
                0x0800128c                Key_Init_B
 .text.LED_Init_A
                0x080012c8       0x48 CMakeFiles/CLion_FreeRTOS_F103C8.elf.dir/BSP/LED.c.obj
                0x080012c8                LED_Init_A
 .text.MAX7219_GPIO_Init
                0x08001310       0x68 CMakeFiles/CLion_FreeRTOS_F103C8.elf.dir/BSP/MAX7219_Tube.c.obj
                0x08001310                MAX7219_GPIO_Init
 .text.Write_Max7219_byte
                0x08001378       0x60 CMakeFiles/CLion_FreeRTOS_F103C8.elf.dir/BSP/MAX7219_Tube.c.obj
                0x08001378                Write_Max7219_byte
 .text.Write_Max7219
                0x080013d8       0x38 CMakeFiles/CLion_FreeRTOS_F103C8.elf.dir/BSP/MAX7219_Tube.c.obj
                0x080013d8                Write_Max7219
 .text.MAX7219_Init
                0x08001410       0x30 CMakeFiles/CLion_FreeRTOS_F103C8.elf.dir/BSP/MAX7219_Tube.c.obj
                0x08001410                MAX7219_Init
 .text.OLED_I2C_Init
                0x08001440       0x64 CMakeFiles/CLion_FreeRTOS_F103C8.elf.dir/BSP/OLED.c.obj
                0x08001440                OLED_I2C_Init
 .text.OLED_I2C_Start
                0x080014a4       0x3c CMakeFiles/CLion_FreeRTOS_F103C8.elf.dir/BSP/OLED.c.obj
                0x080014a4                OLED_I2C_Start
 .text.OLED_I2C_Stop
                0x080014e0       0x30 CMakeFiles/CLion_FreeRTOS_F103C8.elf.dir/BSP/OLED.c.obj
                0x080014e0                OLED_I2C_Stop
 .text.OLED_I2C_SendByte
                0x08001510       0x60 CMakeFiles/CLion_FreeRTOS_F103C8.elf.dir/BSP/OLED.c.obj
                0x08001510                OLED_I2C_SendByte
 .text.OLED_WriteCommand
                0x08001570       0x20 CMakeFiles/CLion_FreeRTOS_F103C8.elf.dir/BSP/OLED.c.obj
                0x08001570                OLED_WriteCommand
 .text.OLED_WriteData
                0x08001590       0x20 CMakeFiles/CLion_FreeRTOS_F103C8.elf.dir/BSP/OLED.c.obj
                0x08001590                OLED_WriteData
 .text.OLED_SetCursor
                0x080015b0       0x20 CMakeFiles/CLion_FreeRTOS_F103C8.elf.dir/BSP/OLED.c.obj
                0x080015b0                OLED_SetCursor
 .text.OLED_Clear
                0x080015d0       0x2c CMakeFiles/CLion_FreeRTOS_F103C8.elf.dir/BSP/OLED.c.obj
                0x080015d0                OLED_Clear
 .text.OLED_Init
                0x080015fc       0xae CMakeFiles/CLion_FreeRTOS_F103C8.elf.dir/BSP/OLED.c.obj
                0x080015fc                OLED_Init
 *fill*         0x080016aa        0x2 
 .text.PWM_Init_1
                0x080016ac       0x94 CMakeFiles/CLion_FreeRTOS_F103C8.elf.dir/BSP/PWM.c.obj
                0x080016ac                PWM_Init_1
 .text.PWM_Init_2
                0x08001740       0x94 CMakeFiles/CLion_FreeRTOS_F103C8.elf.dir/BSP/PWM.c.obj
                0x08001740                PWM_Init_2
 .text.PWM_SetDuty_1
                0x080017d4        0xc CMakeFiles/CLion_FreeRTOS_F103C8.elf.dir/BSP/PWM.c.obj
                0x080017d4                PWM_SetDuty_1
 .text.PWM_SetDuty_2
                0x080017e0        0xc CMakeFiles/CLion_FreeRTOS_F103C8.elf.dir/BSP/PWM.c.obj
                0x080017e0                PWM_SetDuty_2
 .text.PWM_SetFreq_1
                0x080017ec       0x30 CMakeFiles/CLion_FreeRTOS_F103C8.elf.dir/BSP/PWM.c.obj
                0x080017ec                PWM_SetFreq_1
 .text.PWM_SetFreq_2
                0x0800181c       0x30 CMakeFiles/CLion_FreeRTOS_F103C8.elf.dir/BSP/PWM.c.obj
                0x0800181c                PWM_SetFreq_2
 .text.Passive_Buzzer_Init
                0x0800184c        0xc CMakeFiles/CLion_FreeRTOS_F103C8.elf.dir/BSP/Passive_Buzzer.c.obj
                0x0800184c                Passive_Buzzer_Init
 .text.Passive_Buzzer_OFF
                0x08001858       0x2a CMakeFiles/CLion_FreeRTOS_F103C8.elf.dir/BSP/Passive_Buzzer.c.obj
                0x08001858                Passive_Buzzer_OFF
 .text.Passive_Buzzer_ON
                0x08001882       0x4a CMakeFiles/CLion_FreeRTOS_F103C8.elf.dir/BSP/Passive_Buzzer.c.obj
                0x08001882                Passive_Buzzer_ON
 .text.Passive_Buzzer_Timing
                0x080018cc       0x1c CMakeFiles/CLion_FreeRTOS_F103C8.elf.dir/BSP/Passive_Buzzer.c.obj
                0x080018cc                Passive_Buzzer_Timing
 .text.Passive_Buzzer_Reset
                0x080018e8       0x54 CMakeFiles/CLion_FreeRTOS_F103C8.elf.dir/BSP/Passive_Buzzer.c.obj
                0x080018e8                Passive_Buzzer_Reset
 .text.Passive_Buzzer_Drum
                0x0800193c      0x120 CMakeFiles/CLion_FreeRTOS_F103C8.elf.dir/BSP/Passive_Buzzer.c.obj
                0x0800193c                Passive_Buzzer_Drum
 .text.Buzzer_On
                0x08001a5c       0x14 CMakeFiles/CLion_FreeRTOS_F103C8.elf.dir/BSP/buzzer.c.obj
                0x08001a5c                Buzzer_On
 .text.Buzzer_Off
                0x08001a70       0x14 CMakeFiles/CLion_FreeRTOS_F103C8.elf.dir/BSP/buzzer.c.obj
                0x08001a70                Buzzer_Off
 .text.Buzzer_Alarm
                0x08001a84       0x44 CMakeFiles/CLion_FreeRTOS_F103C8.elf.dir/BSP/buzzer.c.obj
                0x08001a84                Buzzer_Alarm
 .text.MX_ADC1_Init
                0x08001ac8       0x5c CMakeFiles/CLion_FreeRTOS_F103C8.elf.dir/Core/Src/adc.c.obj
                0x08001ac8                MX_ADC1_Init
 .text.HAL_ADC_MspInit
                0x08001b24       0x60 CMakeFiles/CLion_FreeRTOS_F103C8.elf.dir/Core/Src/adc.c.obj
                0x08001b24                HAL_ADC_MspInit
 .text.MX_GPIO_Init
                0x08001b84      0x1d8 CMakeFiles/CLion_FreeRTOS_F103C8.elf.dir/Core/Src/gpio.c.obj
                0x08001b84                MX_GPIO_Init
 .text.Error_Handler
                0x08001d5c        0x4 CMakeFiles/CLion_FreeRTOS_F103C8.elf.dir/Core/Src/main.c.obj
                0x08001d5c                Error_Handler
 .text.SystemClock_Config
                0x08001d60       0x84 CMakeFiles/CLion_FreeRTOS_F103C8.elf.dir/Core/Src/main.c.obj
                0x08001d60                SystemClock_Config
 .text.main     0x08001de4      0x18c CMakeFiles/CLion_FreeRTOS_F103C8.elf.dir/Core/Src/main.c.obj
                0x08001de4                main
 .text.HAL_MspInit
                0x08001f70       0x44 CMakeFiles/CLion_FreeRTOS_F103C8.elf.dir/Core/Src/stm32f1xx_hal_msp.c.obj
                0x08001f70                HAL_MspInit
 .text.NMI_Handler
                0x08001fb4        0x2 CMakeFiles/CLion_FreeRTOS_F103C8.elf.dir/Core/Src/stm32f1xx_it.c.obj
                0x08001fb4                NMI_Handler
 .text.HardFault_Handler
                0x08001fb6        0x2 CMakeFiles/CLion_FreeRTOS_F103C8.elf.dir/Core/Src/stm32f1xx_it.c.obj
                0x08001fb6                HardFault_Handler
 .text.MemManage_Handler
                0x08001fb8        0x2 CMakeFiles/CLion_FreeRTOS_F103C8.elf.dir/Core/Src/stm32f1xx_it.c.obj
                0x08001fb8                MemManage_Handler
 .text.BusFault_Handler
                0x08001fba        0x2 CMakeFiles/CLion_FreeRTOS_F103C8.elf.dir/Core/Src/stm32f1xx_it.c.obj
                0x08001fba                BusFault_Handler
 .text.UsageFault_Handler
                0x08001fbc        0x2 CMakeFiles/CLion_FreeRTOS_F103C8.elf.dir/Core/Src/stm32f1xx_it.c.obj
                0x08001fbc                UsageFault_Handler
 .text.SVC_Handler
                0x08001fbe        0x2 CMakeFiles/CLion_FreeRTOS_F103C8.elf.dir/Core/Src/stm32f1xx_it.c.obj
                0x08001fbe                SVC_Handler
 .text.DebugMon_Handler
                0x08001fc0        0x2 CMakeFiles/CLion_FreeRTOS_F103C8.elf.dir/Core/Src/stm32f1xx_it.c.obj
                0x08001fc0                DebugMon_Handler
 .text.PendSV_Handler
                0x08001fc2        0x2 CMakeFiles/CLion_FreeRTOS_F103C8.elf.dir/Core/Src/stm32f1xx_it.c.obj
                0x08001fc2                PendSV_Handler
 .text.SysTick_Handler
                0x08001fc4        0x8 CMakeFiles/CLion_FreeRTOS_F103C8.elf.dir/Core/Src/stm32f1xx_it.c.obj
                0x08001fc4                SysTick_Handler
 *fill*         0x08001fcc        0x4 
 .text.EXTI3_IRQHandler
                0x08001fd0      0x100 CMakeFiles/CLion_FreeRTOS_F103C8.elf.dir/Core/Src/stm32f1xx_it.c.obj
                0x08001fd0                EXTI3_IRQHandler
 .text.EXTI4_IRQHandler
                0x080020d0       0x34 CMakeFiles/CLion_FreeRTOS_F103C8.elf.dir/Core/Src/stm32f1xx_it.c.obj
                0x080020d0                EXTI4_IRQHandler
 *fill*         0x08002104        0x4 
 .text.EXTI9_5_IRQHandler
                0x08002108      0x2e8 CMakeFiles/CLion_FreeRTOS_F103C8.elf.dir/Core/Src/stm32f1xx_it.c.obj
                0x08002108                EXTI9_5_IRQHandler
 .text.TIM1_UP_IRQHandler
                0x080023f0       0x34 CMakeFiles/CLion_FreeRTOS_F103C8.elf.dir/Core/Src/stm32f1xx_it.c.obj
                0x080023f0                TIM1_UP_IRQHandler
 *fill*         0x08002424        0x4 
 .text.EXTI15_10_IRQHandler
                0x08002428      0x3a0 CMakeFiles/CLion_FreeRTOS_F103C8.elf.dir/Core/Src/stm32f1xx_it.c.obj
                0x08002428                EXTI15_10_IRQHandler
 .text.SystemInit
                0x080027c8        0x2 CMakeFiles/CLion_FreeRTOS_F103C8.elf.dir/Core/Src/system_stm32f1xx.c.obj
                0x080027c8                SystemInit
 *fill*         0x080027ca        0x2 
 .text.MX_TIM1_Init
                0x080027cc       0x70 CMakeFiles/CLion_FreeRTOS_F103C8.elf.dir/Core/Src/tim.c.obj
                0x080027cc                MX_TIM1_Init
 .text.HAL_TIM_Base_MspInit
                0x0800283c       0x80 CMakeFiles/CLion_FreeRTOS_F103C8.elf.dir/Core/Src/tim.c.obj
                0x0800283c                HAL_TIM_Base_MspInit
 .text.HAL_TIM_MspPostInit
                0x080028bc       0x80 CMakeFiles/CLion_FreeRTOS_F103C8.elf.dir/Core/Src/tim.c.obj
                0x080028bc                HAL_TIM_MspPostInit
 .text.MX_TIM2_Init
                0x0800293c       0xac CMakeFiles/CLion_FreeRTOS_F103C8.elf.dir/Core/Src/tim.c.obj
                0x0800293c                MX_TIM2_Init
 .text.MX_TIM3_Init
                0x080029e8       0xb4 CMakeFiles/CLion_FreeRTOS_F103C8.elf.dir/Core/Src/tim.c.obj
                0x080029e8                MX_TIM3_Init
 .text.Reset_Handler
                0x08002a9c       0x48 CMakeFiles/CLion_FreeRTOS_F103C8.elf.dir/Core/Startup/startup_stm32f103c8tx.s.obj
                0x08002a9c                Reset_Handler
 .text.Default_Handler
                0x08002ae4        0x2 CMakeFiles/CLion_FreeRTOS_F103C8.elf.dir/Core/Startup/startup_stm32f103c8tx.s.obj
                0x08002ae4                RTC_Alarm_IRQHandler
                0x08002ae4                EXTI2_IRQHandler
                0x08002ae4                TIM1_CC_IRQHandler
                0x08002ae4                PVD_IRQHandler
                0x08002ae4                EXTI0_IRQHandler
                0x08002ae4                I2C2_EV_IRQHandler
                0x08002ae4                ADC1_2_IRQHandler
                0x08002ae4                SPI1_IRQHandler
                0x08002ae4                TAMPER_IRQHandler
                0x08002ae4                DMA1_Channel4_IRQHandler
                0x08002ae4                USART3_IRQHandler
                0x08002ae4                RTC_IRQHandler
                0x08002ae4                DMA1_Channel7_IRQHandler
                0x08002ae4                CAN1_RX1_IRQHandler
                0x08002ae4                TIM4_IRQHandler
                0x08002ae4                I2C1_EV_IRQHandler
                0x08002ae4                DMA1_Channel6_IRQHandler
                0x08002ae4                TIM3_IRQHandler
                0x08002ae4                RCC_IRQHandler
                0x08002ae4                TIM1_TRG_COM_IRQHandler
                0x08002ae4                DMA1_Channel1_IRQHandler
                0x08002ae4                Default_Handler
                0x08002ae4                SPI2_IRQHandler
                0x08002ae4                DMA1_Channel5_IRQHandler
                0x08002ae4                USB_LP_CAN1_RX0_IRQHandler
                0x08002ae4                USB_HP_CAN1_TX_IRQHandler
                0x08002ae4                DMA1_Channel3_IRQHandler
                0x08002ae4                WWDG_IRQHandler
                0x08002ae4                TIM2_IRQHandler
                0x08002ae4                TIM1_BRK_IRQHandler
                0x08002ae4                EXTI1_IRQHandler
                0x08002ae4                USART2_IRQHandler
                0x08002ae4                I2C2_ER_IRQHandler
                0x08002ae4                DMA1_Channel2_IRQHandler
                0x08002ae4                CAN1_SCE_IRQHandler
                0x08002ae4                FLASH_IRQHandler
                0x08002ae4                USART1_IRQHandler
                0x08002ae4                I2C1_ER_IRQHandler
                0x08002ae4                USBWakeUp_IRQHandler
 *fill*         0x08002ae6        0x2 
 .text.HAL_InitTick
                0x08002ae8       0x4c CMakeFiles/CLion_FreeRTOS_F103C8.elf.dir/Drivers/STM32F1xx_HAL_Driver/Src/stm32f1xx_hal.c.obj
                0x08002ae8                HAL_InitTick
 .text.HAL_Init
                0x08002b34       0x24 CMakeFiles/CLion_FreeRTOS_F103C8.elf.dir/Drivers/STM32F1xx_HAL_Driver/Src/stm32f1xx_hal.c.obj
                0x08002b34                HAL_Init
 .text.HAL_IncTick
                0x08002b58       0x18 CMakeFiles/CLion_FreeRTOS_F103C8.elf.dir/Drivers/STM32F1xx_HAL_Driver/Src/stm32f1xx_hal.c.obj
                0x08002b58                HAL_IncTick
 .text.HAL_GetTick
                0x08002b70        0xc CMakeFiles/CLion_FreeRTOS_F103C8.elf.dir/Drivers/STM32F1xx_HAL_Driver/Src/stm32f1xx_hal.c.obj
                0x08002b70                HAL_GetTick
 .text.HAL_Delay
                0x08002b7c       0x28 CMakeFiles/CLion_FreeRTOS_F103C8.elf.dir/Drivers/STM32F1xx_HAL_Driver/Src/stm32f1xx_hal.c.obj
                0x08002b7c                HAL_Delay
 .text.HAL_ADC_ConfigChannel
                0x08002ba4      0x140 CMakeFiles/CLion_FreeRTOS_F103C8.elf.dir/Drivers/STM32F1xx_HAL_Driver/Src/stm32f1xx_hal_adc.c.obj
                0x08002ba4                HAL_ADC_ConfigChannel
 .text.ADC_ConversionStop_Disable
                0x08002ce4       0x56 CMakeFiles/CLion_FreeRTOS_F103C8.elf.dir/Drivers/STM32F1xx_HAL_Driver/Src/stm32f1xx_hal_adc.c.obj
                0x08002ce4                ADC_ConversionStop_Disable
 *fill*         0x08002d3a        0x2 
 .text.HAL_ADC_Init
                0x08002d3c      0x108 CMakeFiles/CLion_FreeRTOS_F103C8.elf.dir/Drivers/STM32F1xx_HAL_Driver/Src/stm32f1xx_hal_adc.c.obj
                0x08002d3c                HAL_ADC_Init
 .text.__NVIC_SetPriority
                0x08002e44       0x28 CMakeFiles/CLion_FreeRTOS_F103C8.elf.dir/Drivers/STM32F1xx_HAL_Driver/Src/stm32f1xx_hal_cortex.c.obj
 .text.NVIC_EncodePriority
                0x08002e6c       0x3e CMakeFiles/CLion_FreeRTOS_F103C8.elf.dir/Drivers/STM32F1xx_HAL_Driver/Src/stm32f1xx_hal_cortex.c.obj
 *fill*         0x08002eaa        0x2 
 .text.HAL_NVIC_SetPriorityGrouping
                0x08002eac       0x24 CMakeFiles/CLion_FreeRTOS_F103C8.elf.dir/Drivers/STM32F1xx_HAL_Driver/Src/stm32f1xx_hal_cortex.c.obj
                0x08002eac                HAL_NVIC_SetPriorityGrouping
 .text.HAL_NVIC_SetPriority
                0x08002ed0       0x20 CMakeFiles/CLion_FreeRTOS_F103C8.elf.dir/Drivers/STM32F1xx_HAL_Driver/Src/stm32f1xx_hal_cortex.c.obj
                0x08002ed0                HAL_NVIC_SetPriority
 .text.HAL_NVIC_EnableIRQ
                0x08002ef0       0x1c CMakeFiles/CLion_FreeRTOS_F103C8.elf.dir/Drivers/STM32F1xx_HAL_Driver/Src/stm32f1xx_hal_cortex.c.obj
                0x08002ef0                HAL_NVIC_EnableIRQ
 .text.HAL_SYSTICK_Config
                0x08002f0c       0x28 CMakeFiles/CLion_FreeRTOS_F103C8.elf.dir/Drivers/STM32F1xx_HAL_Driver/Src/stm32f1xx_hal_cortex.c.obj
                0x08002f0c                HAL_SYSTICK_Config
 .text.HAL_GPIO_Init
                0x08002f34      0x21c CMakeFiles/CLion_FreeRTOS_F103C8.elf.dir/Drivers/STM32F1xx_HAL_Driver/Src/stm32f1xx_hal_gpio.c.obj
                0x08002f34                HAL_GPIO_Init
 .text.HAL_GPIO_ReadPin
                0x08003150        0xe CMakeFiles/CLion_FreeRTOS_F103C8.elf.dir/Drivers/STM32F1xx_HAL_Driver/Src/stm32f1xx_hal_gpio.c.obj
                0x08003150                HAL_GPIO_ReadPin
 .text.HAL_GPIO_WritePin
                0x0800315e        0xc CMakeFiles/CLion_FreeRTOS_F103C8.elf.dir/Drivers/STM32F1xx_HAL_Driver/Src/stm32f1xx_hal_gpio.c.obj
                0x0800315e                HAL_GPIO_WritePin
 .text.HAL_GPIO_EXTI_Callback
                0x0800316a        0x2 CMakeFiles/CLion_FreeRTOS_F103C8.elf.dir/Drivers/STM32F1xx_HAL_Driver/Src/stm32f1xx_hal_gpio.c.obj
                0x0800316a                HAL_GPIO_EXTI_Callback
 .text.HAL_GPIO_EXTI_IRQHandler
                0x0800316c       0x1c CMakeFiles/CLion_FreeRTOS_F103C8.elf.dir/Drivers/STM32F1xx_HAL_Driver/Src/stm32f1xx_hal_gpio.c.obj
                0x0800316c                HAL_GPIO_EXTI_IRQHandler
 .text.HAL_GPIOEx_ConfigEventout
                0x08003188       0x14 CMakeFiles/CLion_FreeRTOS_F103C8.elf.dir/Drivers/STM32F1xx_HAL_Driver/Src/stm32f1xx_hal_gpio_ex.c.obj
                0x08003188                HAL_GPIOEx_ConfigEventout
 .text.HAL_GPIOEx_EnableEventout
                0x0800319c       0x10 CMakeFiles/CLion_FreeRTOS_F103C8.elf.dir/Drivers/STM32F1xx_HAL_Driver/Src/stm32f1xx_hal_gpio_ex.c.obj
                0x0800319c                HAL_GPIOEx_EnableEventout
 .text.RCC_Delay
                0x080031ac       0x2c CMakeFiles/CLion_FreeRTOS_F103C8.elf.dir/Drivers/STM32F1xx_HAL_Driver/Src/stm32f1xx_hal_rcc.c.obj
 .text.HAL_RCC_OscConfig
                0x080031d8      0x410 CMakeFiles/CLion_FreeRTOS_F103C8.elf.dir/Drivers/STM32F1xx_HAL_Driver/Src/stm32f1xx_hal_rcc.c.obj
                0x080031d8                HAL_RCC_OscConfig
 .text.HAL_RCC_GetSysClockFreq
                0x080035e8       0x54 CMakeFiles/CLion_FreeRTOS_F103C8.elf.dir/Drivers/STM32F1xx_HAL_Driver/Src/stm32f1xx_hal_rcc.c.obj
                0x080035e8                HAL_RCC_GetSysClockFreq
 .text.HAL_RCC_ClockConfig
                0x0800363c      0x16c CMakeFiles/CLion_FreeRTOS_F103C8.elf.dir/Drivers/STM32F1xx_HAL_Driver/Src/stm32f1xx_hal_rcc.c.obj
                0x0800363c                HAL_RCC_ClockConfig
 .text.HAL_RCCEx_PeriphCLKConfig
                0x080037a8      0x118 CMakeFiles/CLion_FreeRTOS_F103C8.elf.dir/Drivers/STM32F1xx_HAL_Driver/Src/stm32f1xx_hal_rcc_ex.c.obj
                0x080037a8                HAL_RCCEx_PeriphCLKConfig
 .text.TIM_OC1_SetConfig
                0x080038c0       0x54 CMakeFiles/CLion_FreeRTOS_F103C8.elf.dir/Drivers/STM32F1xx_HAL_Driver/Src/stm32f1xx_hal_tim.c.obj
 .text.TIM_OC3_SetConfig
                0x08003914       0x5c CMakeFiles/CLion_FreeRTOS_F103C8.elf.dir/Drivers/STM32F1xx_HAL_Driver/Src/stm32f1xx_hal_tim.c.obj
 .text.TIM_OC4_SetConfig
                0x08003970       0x48 CMakeFiles/CLion_FreeRTOS_F103C8.elf.dir/Drivers/STM32F1xx_HAL_Driver/Src/stm32f1xx_hal_tim.c.obj
 .text.TIM_TI1_ConfigInputStage
                0x080039b8       0x24 CMakeFiles/CLion_FreeRTOS_F103C8.elf.dir/Drivers/STM32F1xx_HAL_Driver/Src/stm32f1xx_hal_tim.c.obj
 .text.TIM_TI2_ConfigInputStage
                0x080039dc       0x26 CMakeFiles/CLion_FreeRTOS_F103C8.elf.dir/Drivers/STM32F1xx_HAL_Driver/Src/stm32f1xx_hal_tim.c.obj
 .text.TIM_ITRx_SetConfig
                0x08003a02       0x10 CMakeFiles/CLion_FreeRTOS_F103C8.elf.dir/Drivers/STM32F1xx_HAL_Driver/Src/stm32f1xx_hal_tim.c.obj
 *fill*         0x08003a12        0x2 
 .text.HAL_TIM_Base_Start
                0x08003a14       0x5c CMakeFiles/CLion_FreeRTOS_F103C8.elf.dir/Drivers/STM32F1xx_HAL_Driver/Src/stm32f1xx_hal_tim.c.obj
                0x08003a14                HAL_TIM_Base_Start
 .text.HAL_TIM_Base_Start_IT
                0x08003a70       0x68 CMakeFiles/CLion_FreeRTOS_F103C8.elf.dir/Drivers/STM32F1xx_HAL_Driver/Src/stm32f1xx_hal_tim.c.obj
                0x08003a70                HAL_TIM_Base_Start_IT
 .text.HAL_TIM_Base_Stop_IT
                0x08003ad8       0x32 CMakeFiles/CLion_FreeRTOS_F103C8.elf.dir/Drivers/STM32F1xx_HAL_Driver/Src/stm32f1xx_hal_tim.c.obj
                0x08003ad8                HAL_TIM_Base_Stop_IT
 .text.HAL_TIM_PWM_MspInit
                0x08003b0a        0x2 CMakeFiles/CLion_FreeRTOS_F103C8.elf.dir/Drivers/STM32F1xx_HAL_Driver/Src/stm32f1xx_hal_tim.c.obj
                0x08003b0a                HAL_TIM_PWM_MspInit
 .text.HAL_TIM_PeriodElapsedCallback
                0x08003b0c        0x2 CMakeFiles/CLion_FreeRTOS_F103C8.elf.dir/Drivers/STM32F1xx_HAL_Driver/Src/stm32f1xx_hal_tim.c.obj
                0x08003b0c                HAL_TIM_PeriodElapsedCallback
 .text.HAL_TIM_OC_DelayElapsedCallback
                0x08003b0e        0x2 CMakeFiles/CLion_FreeRTOS_F103C8.elf.dir/Drivers/STM32F1xx_HAL_Driver/Src/stm32f1xx_hal_tim.c.obj
                0x08003b0e                HAL_TIM_OC_DelayElapsedCallback
 .text.HAL_TIM_IC_CaptureCallback
                0x08003b10        0x2 CMakeFiles/CLion_FreeRTOS_F103C8.elf.dir/Drivers/STM32F1xx_HAL_Driver/Src/stm32f1xx_hal_tim.c.obj
                0x08003b10                HAL_TIM_IC_CaptureCallback
 .text.HAL_TIM_PWM_PulseFinishedCallback
                0x08003b12        0x2 CMakeFiles/CLion_FreeRTOS_F103C8.elf.dir/Drivers/STM32F1xx_HAL_Driver/Src/stm32f1xx_hal_tim.c.obj
                0x08003b12                HAL_TIM_PWM_PulseFinishedCallback
 .text.HAL_TIM_TriggerCallback
                0x08003b14        0x2 CMakeFiles/CLion_FreeRTOS_F103C8.elf.dir/Drivers/STM32F1xx_HAL_Driver/Src/stm32f1xx_hal_tim.c.obj
                0x08003b14                HAL_TIM_TriggerCallback
 .text.HAL_TIM_IRQHandler
                0x08003b16      0x15e CMakeFiles/CLion_FreeRTOS_F103C8.elf.dir/Drivers/STM32F1xx_HAL_Driver/Src/stm32f1xx_hal_tim.c.obj
                0x08003b16                HAL_TIM_IRQHandler
 .text.TIM_Base_SetConfig
                0x08003c74       0x84 CMakeFiles/CLion_FreeRTOS_F103C8.elf.dir/Drivers/STM32F1xx_HAL_Driver/Src/stm32f1xx_hal_tim.c.obj
                0x08003c74                TIM_Base_SetConfig
 .text.HAL_TIM_Base_Init
                0x08003cf8       0x58 CMakeFiles/CLion_FreeRTOS_F103C8.elf.dir/Drivers/STM32F1xx_HAL_Driver/Src/stm32f1xx_hal_tim.c.obj
                0x08003cf8                HAL_TIM_Base_Init
 .text.HAL_TIM_PWM_Init
                0x08003d50       0x58 CMakeFiles/CLion_FreeRTOS_F103C8.elf.dir/Drivers/STM32F1xx_HAL_Driver/Src/stm32f1xx_hal_tim.c.obj
                0x08003d50                HAL_TIM_PWM_Init
 .text.TIM_OC2_SetConfig
                0x08003da8       0x5c CMakeFiles/CLion_FreeRTOS_F103C8.elf.dir/Drivers/STM32F1xx_HAL_Driver/Src/stm32f1xx_hal_tim.c.obj
                0x08003da8                TIM_OC2_SetConfig
 .text.HAL_TIM_PWM_ConfigChannel
                0x08003e04       0xdc CMakeFiles/CLion_FreeRTOS_F103C8.elf.dir/Drivers/STM32F1xx_HAL_Driver/Src/stm32f1xx_hal_tim.c.obj
                0x08003e04                HAL_TIM_PWM_ConfigChannel
 .text.TIM_ETR_SetConfig
                0x08003ee0       0x18 CMakeFiles/CLion_FreeRTOS_F103C8.elf.dir/Drivers/STM32F1xx_HAL_Driver/Src/stm32f1xx_hal_tim.c.obj
                0x08003ee0                TIM_ETR_SetConfig
 .text.HAL_TIM_ConfigClockSource
                0x08003ef8       0xfe CMakeFiles/CLion_FreeRTOS_F103C8.elf.dir/Drivers/STM32F1xx_HAL_Driver/Src/stm32f1xx_hal_tim.c.obj
                0x08003ef8                HAL_TIM_ConfigClockSource
 .text.TIM_CCxChannelCmd
                0x08003ff6       0x1e CMakeFiles/CLion_FreeRTOS_F103C8.elf.dir/Drivers/STM32F1xx_HAL_Driver/Src/stm32f1xx_hal_tim.c.obj
                0x08003ff6                TIM_CCxChannelCmd
 .text.HAL_TIM_PWM_Start
                0x08004014       0xdc CMakeFiles/CLion_FreeRTOS_F103C8.elf.dir/Drivers/STM32F1xx_HAL_Driver/Src/stm32f1xx_hal_tim.c.obj
                0x08004014                HAL_TIM_PWM_Start
 .text.HAL_TIMEx_MasterConfigSynchronization
                0x080040f0       0x6c CMakeFiles/CLion_FreeRTOS_F103C8.elf.dir/Drivers/STM32F1xx_HAL_Driver/Src/stm32f1xx_hal_tim_ex.c.obj
                0x080040f0                HAL_TIMEx_MasterConfigSynchronization
 .text.HAL_TIMEx_CommutCallback
                0x0800415c        0x2 CMakeFiles/CLion_FreeRTOS_F103C8.elf.dir/Drivers/STM32F1xx_HAL_Driver/Src/stm32f1xx_hal_tim_ex.c.obj
                0x0800415c                HAL_TIMEx_CommutCallback
 .text.HAL_TIMEx_BreakCallback
                0x0800415e        0x2 CMakeFiles/CLion_FreeRTOS_F103C8.elf.dir/Drivers/STM32F1xx_HAL_Driver/Src/stm32f1xx_hal_tim_ex.c.obj
                0x0800415e                HAL_TIMEx_BreakCallback
 .text.memset   0x08004160       0xa0 I:/arm-gnu-toolchain-13.2.rel1-mingw-w64-i686-arm-none-eabi/arm-gnu-toolchain-13.2.Rel1-mingw-w64-i686-arm-none-eabi/bin/../lib/gcc/arm-none-eabi/13.2.1/thumb/v7-m/nofp\libg.a(libc_a-memset.o)
                0x08004160                memset
 .text.__errno  0x08004200        0xc I:/arm-gnu-toolchain-13.2.rel1-mingw-w64-i686-arm-none-eabi/arm-gnu-toolchain-13.2.Rel1-mingw-w64-i686-arm-none-eabi/bin/../lib/gcc/arm-none-eabi/13.2.1/thumb/v7-m/nofp\libg.a(libc_a-errno.o)
                0x08004200                __errno
 .text.__libc_init_array
                0x0800420c       0x50 I:/arm-gnu-toolchain-13.2.rel1-mingw-w64-i686-arm-none-eabi/arm-gnu-toolchain-13.2.Rel1-mingw-w64-i686-arm-none-eabi/bin/../lib/gcc/arm-none-eabi/13.2.1/thumb/v7-m/nofp\libg.a(libc_a-init.o)
                0x0800420c                __libc_init_array
 .text.__retarget_lock_acquire_recursive
                0x0800425c        0x4 I:/arm-gnu-toolchain-13.2.rel1-mingw-w64-i686-arm-none-eabi/arm-gnu-toolchain-13.2.Rel1-mingw-w64-i686-arm-none-eabi/bin/../lib/gcc/arm-none-eabi/13.2.1/thumb/v7-m/nofp\libg.a(libc_a-lock.o)
                0x0800425c                __retarget_lock_acquire_recursive
 .text.__retarget_lock_release_recursive
                0x08004260        0x4 I:/arm-gnu-toolchain-13.2.rel1-mingw-w64-i686-arm-none-eabi/arm-gnu-toolchain-13.2.Rel1-mingw-w64-i686-arm-none-eabi/bin/../lib/gcc/arm-none-eabi/13.2.1/thumb/v7-m/nofp\libg.a(libc_a-lock.o)
                0x08004260                __retarget_lock_release_recursive
 .text.startup.register_fini
                0x08004264       0x14 I:/arm-gnu-toolchain-13.2.rel1-mingw-w64-i686-arm-none-eabi/arm-gnu-toolchain-13.2.Rel1-mingw-w64-i686-arm-none-eabi/bin/../lib/gcc/arm-none-eabi/13.2.1/thumb/v7-m/nofp\libg.a(libc_a-__call_atexit.o)
 .text.atexit   0x08004278        0xc I:/arm-gnu-toolchain-13.2.rel1-mingw-w64-i686-arm-none-eabi/arm-gnu-toolchain-13.2.Rel1-mingw-w64-i686-arm-none-eabi/bin/../lib/gcc/arm-none-eabi/13.2.1/thumb/v7-m/nofp\libg.a(libc_a-atexit.o)
                0x08004278                atexit
 .text.__libc_fini_array
                0x08004284       0x28 I:/arm-gnu-toolchain-13.2.rel1-mingw-w64-i686-arm-none-eabi/arm-gnu-toolchain-13.2.Rel1-mingw-w64-i686-arm-none-eabi/bin/../lib/gcc/arm-none-eabi/13.2.1/thumb/v7-m/nofp\libg.a(libc_a-fini.o)
                0x08004284                __libc_fini_array
 .text.__register_exitproc
                0x080042ac       0x80 I:/arm-gnu-toolchain-13.2.rel1-mingw-w64-i686-arm-none-eabi/arm-gnu-toolchain-13.2.Rel1-mingw-w64-i686-arm-none-eabi/bin/../lib/gcc/arm-none-eabi/13.2.1/thumb/v7-m/nofp\libg.a(libc_a-__atexit.o)
                0x080042ac                __register_exitproc
 .text.pow      0x0800432c       0xdc I:/arm-gnu-toolchain-13.2.rel1-mingw-w64-i686-arm-none-eabi/arm-gnu-toolchain-13.2.Rel1-mingw-w64-i686-arm-none-eabi/bin/../lib/gcc/arm-none-eabi/13.2.1/thumb/v7-m/nofp\libm.a(libm_a-w_pow.o)
                0x0800432c                pow
 .text.finite   0x08004408        0xc I:/arm-gnu-toolchain-13.2.rel1-mingw-w64-i686-arm-none-eabi/arm-gnu-toolchain-13.2.Rel1-mingw-w64-i686-arm-none-eabi/bin/../lib/gcc/arm-none-eabi/13.2.1/thumb/v7-m/nofp\libm.a(libm_a-s_finite.o)
                0x08004408                finite
 *fill*         0x08004414        0x4 
 .text.__ieee754_pow
                0x08004418      0xb48 I:/arm-gnu-toolchain-13.2.rel1-mingw-w64-i686-arm-none-eabi/arm-gnu-toolchain-13.2.Rel1-mingw-w64-i686-arm-none-eabi/bin/../lib/gcc/arm-none-eabi/13.2.1/thumb/v7-m/nofp\libm.a(libm_a-e_pow.o)
                0x08004418                __ieee754_pow
 .text.fabs     0x08004f60        0x8 I:/arm-gnu-toolchain-13.2.rel1-mingw-w64-i686-arm-none-eabi/arm-gnu-toolchain-13.2.Rel1-mingw-w64-i686-arm-none-eabi/bin/../lib/gcc/arm-none-eabi/13.2.1/thumb/v7-m/nofp\libm.a(libm_a-s_fabs.o)
                0x08004f60                fabs
 .text.scalbn   0x08004f68       0xfc I:/arm-gnu-toolchain-13.2.rel1-mingw-w64-i686-arm-none-eabi/arm-gnu-toolchain-13.2.Rel1-mingw-w64-i686-arm-none-eabi/bin/../lib/gcc/arm-none-eabi/13.2.1/thumb/v7-m/nofp\libm.a(libm_a-s_scalbn.o)
                0x08004f68                scalbn
 .text.with_errno
                0x08005064       0x18 I:/arm-gnu-toolchain-13.2.rel1-mingw-w64-i686-arm-none-eabi/arm-gnu-toolchain-13.2.Rel1-mingw-w64-i686-arm-none-eabi/bin/../lib/gcc/arm-none-eabi/13.2.1/thumb/v7-m/nofp\libm.a(libm_a-math_err.o)
 .text.xflow    0x0800507c       0x30 I:/arm-gnu-toolchain-13.2.rel1-mingw-w64-i686-arm-none-eabi/arm-gnu-toolchain-13.2.Rel1-mingw-w64-i686-arm-none-eabi/bin/../lib/gcc/arm-none-eabi/13.2.1/thumb/v7-m/nofp\libm.a(libm_a-math_err.o)
 .text.__math_uflow
                0x080050ac        0xc I:/arm-gnu-toolchain-13.2.rel1-mingw-w64-i686-arm-none-eabi/arm-gnu-toolchain-13.2.Rel1-mingw-w64-i686-arm-none-eabi/bin/../lib/gcc/arm-none-eabi/13.2.1/thumb/v7-m/nofp\libm.a(libm_a-math_err.o)
                0x080050ac                __math_uflow
 .text.__math_oflow
                0x080050b8        0xc I:/arm-gnu-toolchain-13.2.rel1-mingw-w64-i686-arm-none-eabi/arm-gnu-toolchain-13.2.Rel1-mingw-w64-i686-arm-none-eabi/bin/../lib/gcc/arm-none-eabi/13.2.1/thumb/v7-m/nofp\libm.a(libm_a-math_err.o)
                0x080050b8                __math_oflow
 .text.__ieee754_sqrt
                0x080050c4      0x1dc I:/arm-gnu-toolchain-13.2.rel1-mingw-w64-i686-arm-none-eabi/arm-gnu-toolchain-13.2.Rel1-mingw-w64-i686-arm-none-eabi/bin/../lib/gcc/arm-none-eabi/13.2.1/thumb/v7-m/nofp\libm.a(libm_a-e_sqrt.o)
                0x080050c4                __ieee754_sqrt
 *(.glue_7)
 .glue_7        0x080052a0        0x0 linker stubs
 *(.glue_7t)
 .glue_7t       0x080052a0        0x0 linker stubs
 *(.eh_frame)
 .eh_frame      0x080052a0        0x0 I:/arm-gnu-toolchain-13.2.rel1-mingw-w64-i686-arm-none-eabi/arm-gnu-toolchain-13.2.Rel1-mingw-w64-i686-arm-none-eabi/bin/../lib/gcc/arm-none-eabi/13.2.1/thumb/v7-m/nofp/crtbegin.o
 *(.init)
 .init          0x080052a0        0x4 I:/arm-gnu-toolchain-13.2.rel1-mingw-w64-i686-arm-none-eabi/arm-gnu-toolchain-13.2.Rel1-mingw-w64-i686-arm-none-eabi/bin/../lib/gcc/arm-none-eabi/13.2.1/thumb/v7-m/nofp/crti.o
                0x080052a0                _init
 .init          0x080052a4        0x8 I:/arm-gnu-toolchain-13.2.rel1-mingw-w64-i686-arm-none-eabi/arm-gnu-toolchain-13.2.Rel1-mingw-w64-i686-arm-none-eabi/bin/../lib/gcc/arm-none-eabi/13.2.1/thumb/v7-m/nofp/crtn.o
 *(.fini)
 .fini          0x080052ac        0x4 I:/arm-gnu-toolchain-13.2.rel1-mingw-w64-i686-arm-none-eabi/arm-gnu-toolchain-13.2.Rel1-mingw-w64-i686-arm-none-eabi/bin/../lib/gcc/arm-none-eabi/13.2.1/thumb/v7-m/nofp/crti.o
                0x080052ac                _fini
 .fini          0x080052b0        0x8 I:/arm-gnu-toolchain-13.2.rel1-mingw-w64-i686-arm-none-eabi/arm-gnu-toolchain-13.2.Rel1-mingw-w64-i686-arm-none-eabi/bin/../lib/gcc/arm-none-eabi/13.2.1/thumb/v7-m/nofp/crtn.o
                0x080052b8                        . = ALIGN (0x4)
                0x080052b8                        _etext = .

.vfp11_veneer   0x080052b8        0x0
 .vfp11_veneer  0x080052b8        0x0 linker stubs

.v4_bx          0x080052b8        0x0
 .v4_bx         0x080052b8        0x0 linker stubs

.iplt           0x080052b8        0x0
 .iplt          0x080052b8        0x0 I:/arm-gnu-toolchain-13.2.rel1-mingw-w64-i686-arm-none-eabi/arm-gnu-toolchain-13.2.Rel1-mingw-w64-i686-arm-none-eabi/bin/../lib/gcc/arm-none-eabi/13.2.1/thumb/v7-m/nofp/crtbegin.o

.rodata         0x080052b8       0x38
                0x080052b8                        . = ALIGN (0x4)
 *(.rodata)
 *(.rodata*)
 .rodata.AHBPrescTable
                0x080052b8       0x10 CMakeFiles/CLion_FreeRTOS_F103C8.elf.dir/Core/Src/system_stm32f1xx.c.obj
                0x080052b8                AHBPrescTable
 .rodata.aPredivFactorTable.0
                0x080052c8        0x2 CMakeFiles/CLion_FreeRTOS_F103C8.elf.dir/Drivers/STM32F1xx_HAL_Driver/Src/stm32f1xx_hal_rcc.c.obj
 *fill*         0x080052ca        0x2 
 .rodata.aPLLMULFactorTable.1
                0x080052cc       0x10 CMakeFiles/CLion_FreeRTOS_F103C8.elf.dir/Drivers/STM32F1xx_HAL_Driver/Src/stm32f1xx_hal_rcc.c.obj
 *fill*         0x080052dc        0x4 
 .rodata.tiny   0x080052e0        0x8 I:/arm-gnu-toolchain-13.2.rel1-mingw-w64-i686-arm-none-eabi/arm-gnu-toolchain-13.2.Rel1-mingw-w64-i686-arm-none-eabi/bin/../lib/gcc/arm-none-eabi/13.2.1/thumb/v7-m/nofp\libm.a(libm_a-e_sqrt.o)
 .rodata.one    0x080052e8        0x8 I:/arm-gnu-toolchain-13.2.rel1-mingw-w64-i686-arm-none-eabi/arm-gnu-toolchain-13.2.Rel1-mingw-w64-i686-arm-none-eabi/bin/../lib/gcc/arm-none-eabi/13.2.1/thumb/v7-m/nofp\libm.a(libm_a-e_sqrt.o)
                0x080052f0                        . = ALIGN (0x4)

.ARM.extab      0x080052f0        0x0
                0x080052f0                        . = ALIGN (0x4)
 *(.ARM.extab* .gnu.linkonce.armextab.*)
                0x080052f0                        . = ALIGN (0x4)

.ARM            0x080052f0        0x0
                0x080052f0                        . = ALIGN (0x4)
                0x080052f0                        __exidx_start = .
 *(.ARM.exidx*)
                0x080052f0                        __exidx_end = .
                0x080052f0                        . = ALIGN (0x4)

.preinit_array  0x080052f0        0x0
                0x080052f0                        . = ALIGN (0x4)
                0x080052f0                        PROVIDE (__preinit_array_start = .)
 *(.preinit_array*)
                0x080052f0                        PROVIDE (__preinit_array_end = .)
                0x080052f0                        . = ALIGN (0x4)

.init_array     0x080052f0        0x8
                0x080052f0                        . = ALIGN (0x4)
                0x080052f0                        PROVIDE (__init_array_start = .)
 *(SORT_BY_NAME(.init_array.*))
 .init_array.00000
                0x080052f0        0x4 I:/arm-gnu-toolchain-13.2.rel1-mingw-w64-i686-arm-none-eabi/arm-gnu-toolchain-13.2.Rel1-mingw-w64-i686-arm-none-eabi/bin/../lib/gcc/arm-none-eabi/13.2.1/thumb/v7-m/nofp\libg.a(libc_a-__call_atexit.o)
 *(.init_array*)
 .init_array    0x080052f4        0x4 I:/arm-gnu-toolchain-13.2.rel1-mingw-w64-i686-arm-none-eabi/arm-gnu-toolchain-13.2.Rel1-mingw-w64-i686-arm-none-eabi/bin/../lib/gcc/arm-none-eabi/13.2.1/thumb/v7-m/nofp/crtbegin.o
                0x080052f8                        PROVIDE (__init_array_end = .)
                0x080052f8                        . = ALIGN (0x4)

.fini_array     0x080052f8        0x4
                0x080052f8                        . = ALIGN (0x4)
                0x080052f8                        PROVIDE (__fini_array_start = .)
 *(SORT_BY_NAME(.fini_array.*))
 *(.fini_array*)
 .fini_array    0x080052f8        0x4 I:/arm-gnu-toolchain-13.2.rel1-mingw-w64-i686-arm-none-eabi/arm-gnu-toolchain-13.2.Rel1-mingw-w64-i686-arm-none-eabi/bin/../lib/gcc/arm-none-eabi/13.2.1/thumb/v7-m/nofp/crtbegin.o
                0x080052fc                        PROVIDE (__fini_array_end = .)
                0x080052fc                        . = ALIGN (0x4)
                0x080052fc                        _sidata = LOADADDR (.data)

.rel.dyn        0x080052fc        0x0
 .rel.iplt      0x080052fc        0x0 I:/arm-gnu-toolchain-13.2.rel1-mingw-w64-i686-arm-none-eabi/arm-gnu-toolchain-13.2.Rel1-mingw-w64-i686-arm-none-eabi/bin/../lib/gcc/arm-none-eabi/13.2.1/thumb/v7-m/nofp/crtbegin.o

.data           0x20000000      0x194 load address 0x080052fc
                0x20000000                        . = ALIGN (0x4)
                0x20000000                        _sdata = .
 *(.data)
 *(.data*)
 .data.voiceDuties
                0x20000000        0x5 CMakeFiles/CLion_FreeRTOS_F103C8.elf.dir/Core/Src/main.c.obj
                0x20000000                voiceDuties
 *fill*         0x20000005        0x3 
 .data.transpose
                0x20000008       0x30 CMakeFiles/CLion_FreeRTOS_F103C8.elf.dir/Core/Src/main.c.obj
                0x20000008                transpose
 .data.scale    0x20000038       0x1a CMakeFiles/CLion_FreeRTOS_F103C8.elf.dir/Core/Src/main.c.obj
                0x20000038                scale
 .data.mode     0x20000052        0x1 CMakeFiles/CLion_FreeRTOS_F103C8.elf.dir/Core/Src/main.c.obj
                0x20000052                mode
 .data.oct      0x20000053        0x1 CMakeFiles/CLion_FreeRTOS_F103C8.elf.dir/Core/Src/main.c.obj
                0x20000053                oct
 .data.sft      0x20000054        0x1 CMakeFiles/CLion_FreeRTOS_F103C8.elf.dir/Core/Src/main.c.obj
                0x20000054                sft
 .data.tsp      0x20000055        0x1 CMakeFiles/CLion_FreeRTOS_F103C8.elf.dir/Core/Src/main.c.obj
                0x20000055                tsp
 .data.voice    0x20000056        0x1 CMakeFiles/CLion_FreeRTOS_F103C8.elf.dir/Core/Src/main.c.obj
                0x20000056                voice
 *fill*         0x20000057        0x1 
 .data.cnt      0x20000058        0x4 CMakeFiles/CLion_FreeRTOS_F103C8.elf.dir/Core/Src/main.c.obj
                0x20000058                cnt
 .data.SystemCoreClock
                0x2000005c        0x4 CMakeFiles/CLion_FreeRTOS_F103C8.elf.dir/Core/Src/system_stm32f1xx.c.obj
                0x2000005c                SystemCoreClock
 .data.uwTickFreq
                0x20000060        0x1 CMakeFiles/CLion_FreeRTOS_F103C8.elf.dir/Drivers/STM32F1xx_HAL_Driver/Src/stm32f1xx_hal.c.obj
                0x20000060                uwTickFreq
 *fill*         0x20000061        0x3 
 .data.uwTickPrio
                0x20000064        0x4 CMakeFiles/CLion_FreeRTOS_F103C8.elf.dir/Drivers/STM32F1xx_HAL_Driver/Src/stm32f1xx_hal.c.obj
                0x20000064                uwTickPrio
 .data._impure_ptr
                0x20000068        0x4 I:/arm-gnu-toolchain-13.2.rel1-mingw-w64-i686-arm-none-eabi/arm-gnu-toolchain-13.2.Rel1-mingw-w64-i686-arm-none-eabi/bin/../lib/gcc/arm-none-eabi/13.2.1/thumb/v7-m/nofp\libg.a(libc_a-impure.o)
                0x20000068                _impure_ptr
 *fill*         0x2000006c        0x4 
 .data._impure_data
                0x20000070      0x120 I:/arm-gnu-toolchain-13.2.rel1-mingw-w64-i686-arm-none-eabi/arm-gnu-toolchain-13.2.Rel1-mingw-w64-i686-arm-none-eabi/bin/../lib/gcc/arm-none-eabi/13.2.1/thumb/v7-m/nofp\libg.a(libc_a-impure.o)
                0x20000070                _impure_data
 .data.__atexit_recursive_mutex
                0x20000190        0x4 I:/arm-gnu-toolchain-13.2.rel1-mingw-w64-i686-arm-none-eabi/arm-gnu-toolchain-13.2.Rel1-mingw-w64-i686-arm-none-eabi/bin/../lib/gcc/arm-none-eabi/13.2.1/thumb/v7-m/nofp\libg.a(libc_a-__call_atexit.o)
                0x20000190                __atexit_recursive_mutex
 *(.RamFunc)
 *(.RamFunc*)
                0x20000194                        . = ALIGN (0x4)
                0x20000194                        _edata = .

.tm_clone_table
                0x20000194        0x0 load address 0x08005490
 .tm_clone_table
                0x20000194        0x0 I:/arm-gnu-toolchain-13.2.rel1-mingw-w64-i686-arm-none-eabi/arm-gnu-toolchain-13.2.Rel1-mingw-w64-i686-arm-none-eabi/bin/../lib/gcc/arm-none-eabi/13.2.1/thumb/v7-m/nofp/crtbegin.o
 .tm_clone_table
                0x20000194        0x0 I:/arm-gnu-toolchain-13.2.rel1-mingw-w64-i686-arm-none-eabi/arm-gnu-toolchain-13.2.Rel1-mingw-w64-i686-arm-none-eabi/bin/../lib/gcc/arm-none-eabi/13.2.1/thumb/v7-m/nofp/crtend.o

.igot.plt       0x20000194        0x0 load address 0x08005490
 .igot.plt      0x20000194        0x0 I:/arm-gnu-toolchain-13.2.rel1-mingw-w64-i686-arm-none-eabi/arm-gnu-toolchain-13.2.Rel1-mingw-w64-i686-arm-none-eabi/bin/../lib/gcc/arm-none-eabi/13.2.1/thumb/v7-m/nofp/crtbegin.o
                0x20000194                        . = ALIGN (0x4)

.bss            0x20000194      0x410 load address 0x08005490
                0x20000194                        _sbss = .
                0x20000194                        __bss_start__ = _sbss
 *(.bss)
 *(.bss*)
 .bss.completed.1
                0x20000194        0x1 I:/arm-gnu-toolchain-13.2.rel1-mingw-w64-i686-arm-none-eabi/arm-gnu-toolchain-13.2.Rel1-mingw-w64-i686-arm-none-eabi/bin/../lib/gcc/arm-none-eabi/13.2.1/thumb/v7-m/nofp/crtbegin.o
 *fill*         0x20000195        0x3 
 .bss.object.0  0x20000198       0x18 I:/arm-gnu-toolchain-13.2.rel1-mingw-w64-i686-arm-none-eabi/arm-gnu-toolchain-13.2.Rel1-mingw-w64-i686-arm-none-eabi/bin/../lib/gcc/arm-none-eabi/13.2.1/thumb/v7-m/nofp/crtbegin.o
 .bss.msHcCount
                0x200001b0        0x1 CMakeFiles/CLion_FreeRTOS_F103C8.elf.dir/BSP/HCSR04.c.obj
                0x200001b0                msHcCount
 *fill*         0x200001b1        0x3 
 .bss.hadc1     0x200001b4       0x30 CMakeFiles/CLion_FreeRTOS_F103C8.elf.dir/Core/Src/adc.c.obj
                0x200001b4                hadc1
 .bss.isPlaying
                0x200001e4        0x1 CMakeFiles/CLion_FreeRTOS_F103C8.elf.dir/Core/Src/main.c.obj
                0x200001e4                isPlaying
 .bss.sharp     0x200001e5        0x1 CMakeFiles/CLion_FreeRTOS_F103C8.elf.dir/Core/Src/main.c.obj
                0x200001e5                sharp
 *fill*         0x200001e6        0x2 
 .bss.decimalPart
                0x200001e8        0x4 CMakeFiles/CLion_FreeRTOS_F103C8.elf.dir/Core/Src/main.c.obj
                0x200001e8                decimalPart
 .bss.integerPart
                0x200001ec        0x4 CMakeFiles/CLion_FreeRTOS_F103C8.elf.dir/Core/Src/main.c.obj
                0x200001ec                integerPart
 .bss.displayValue
                0x200001f0        0x4 CMakeFiles/CLion_FreeRTOS_F103C8.elf.dir/Core/Src/main.c.obj
                0x200001f0                displayValue
 .bss.distance  0x200001f4        0x4 CMakeFiles/CLion_FreeRTOS_F103C8.elf.dir/Core/Src/main.c.obj
                0x200001f4                distance
 .bss.htim3     0x200001f8       0x48 CMakeFiles/CLion_FreeRTOS_F103C8.elf.dir/Core/Src/tim.c.obj
                0x200001f8                htim3
 .bss.htim2     0x20000240       0x48 CMakeFiles/CLion_FreeRTOS_F103C8.elf.dir/Core/Src/tim.c.obj
                0x20000240                htim2
 .bss.htim1     0x20000288       0x48 CMakeFiles/CLion_FreeRTOS_F103C8.elf.dir/Core/Src/tim.c.obj
                0x20000288                htim1
 .bss.uwTick    0x200002d0        0x4 CMakeFiles/CLion_FreeRTOS_F103C8.elf.dir/Drivers/STM32F1xx_HAL_Driver/Src/stm32f1xx_hal.c.obj
                0x200002d0                uwTick
 .bss.__sf      0x200002d4      0x138 I:/arm-gnu-toolchain-13.2.rel1-mingw-w64-i686-arm-none-eabi/arm-gnu-toolchain-13.2.Rel1-mingw-w64-i686-arm-none-eabi/bin/../lib/gcc/arm-none-eabi/13.2.1/thumb/v7-m/nofp\libg.a(libc_a-findfp.o)
                0x200002d4                __sf
 .bss.__lock___atexit_recursive_mutex
                0x2000040c        0x1 I:/arm-gnu-toolchain-13.2.rel1-mingw-w64-i686-arm-none-eabi/arm-gnu-toolchain-13.2.Rel1-mingw-w64-i686-arm-none-eabi/bin/../lib/gcc/arm-none-eabi/13.2.1/thumb/v7-m/nofp\libg.a(libc_a-lock.o)
                0x2000040c                __lock___atexit_recursive_mutex
 *fill*         0x2000040d        0x3 
 .bss.__atexit  0x20000410        0x4 I:/arm-gnu-toolchain-13.2.rel1-mingw-w64-i686-arm-none-eabi/arm-gnu-toolchain-13.2.Rel1-mingw-w64-i686-arm-none-eabi/bin/../lib/gcc/arm-none-eabi/13.2.1/thumb/v7-m/nofp\libg.a(libc_a-__call_atexit.o)
                0x20000410                __atexit
 .bss.__atexit0
                0x20000414      0x190 I:/arm-gnu-toolchain-13.2.rel1-mingw-w64-i686-arm-none-eabi/arm-gnu-toolchain-13.2.Rel1-mingw-w64-i686-arm-none-eabi/bin/../lib/gcc/arm-none-eabi/13.2.1/thumb/v7-m/nofp\libg.a(libc_a-__atexit.o)
                0x20000414                __atexit0
 *(COMMON)
                0x200005a4                        . = ALIGN (0x4)
                0x200005a4                        _ebss = .
                0x200005a4                        __bss_end__ = _ebss

._user_heap_stack
                0x200005a4      0x604 load address 0x08005490
                0x200005a8                        . = ALIGN (0x8)
 *fill*         0x200005a4        0x4 
                [!provide]                        PROVIDE (end = .)
                0x200005a8                        PROVIDE (_end = .)
                0x200007a8                        . = (. + _Min_Heap_Size)
 *fill*         0x200005a8      0x200 
                0x20000ba8                        . = (. + _Min_Stack_Size)
 *fill*         0x200007a8      0x400 
                0x20000ba8                        . = ALIGN (0x8)

/DISCARD/
 libc.a(*)
 libm.a(*)
 libgcc.a(*)

.ARM.attributes
                0x00000000       0x29
 *(.ARM.attributes)
 .ARM.attributes
                0x00000000       0x1d I:/arm-gnu-toolchain-13.2.rel1-mingw-w64-i686-arm-none-eabi/arm-gnu-toolchain-13.2.Rel1-mingw-w64-i686-arm-none-eabi/bin/../lib/gcc/arm-none-eabi/13.2.1/thumb/v7-m/nofp/crti.o
 .ARM.attributes
                0x0000001d       0x2d I:/arm-gnu-toolchain-13.2.rel1-mingw-w64-i686-arm-none-eabi/arm-gnu-toolchain-13.2.Rel1-mingw-w64-i686-arm-none-eabi/bin/../lib/gcc/arm-none-eabi/13.2.1/thumb/v7-m/nofp/crtbegin.o
 .ARM.attributes
                0x0000004a       0x2d CMakeFiles/CLion_FreeRTOS_F103C8.elf.dir/BSP/AD.c.obj
 .ARM.attributes
                0x00000077       0x2d CMakeFiles/CLion_FreeRTOS_F103C8.elf.dir/BSP/HCSR04.c.obj
 .ARM.attributes
                0x000000a4       0x2d CMakeFiles/CLion_FreeRTOS_F103C8.elf.dir/BSP/JoyStick.c.obj
 .ARM.attributes
                0x000000d1       0x2d CMakeFiles/CLion_FreeRTOS_F103C8.elf.dir/BSP/Key.c.obj
 .ARM.attributes
                0x000000fe       0x2d CMakeFiles/CLion_FreeRTOS_F103C8.elf.dir/BSP/LED.c.obj
 .ARM.attributes
                0x0000012b       0x2d CMakeFiles/CLion_FreeRTOS_F103C8.elf.dir/BSP/MAX7219_Tube.c.obj
 .ARM.attributes
                0x00000158       0x2d CMakeFiles/CLion_FreeRTOS_F103C8.elf.dir/BSP/OLED.c.obj
 .ARM.attributes
                0x00000185       0x2d CMakeFiles/CLion_FreeRTOS_F103C8.elf.dir/BSP/PWM.c.obj
 .ARM.attributes
                0x000001b2       0x2d CMakeFiles/CLion_FreeRTOS_F103C8.elf.dir/BSP/Passive_Buzzer.c.obj
 .ARM.attributes
                0x000001df       0x2d CMakeFiles/CLion_FreeRTOS_F103C8.elf.dir/BSP/buzzer.c.obj
 .ARM.attributes
                0x0000020c       0x2d CMakeFiles/CLion_FreeRTOS_F103C8.elf.dir/Core/Src/adc.c.obj
 .ARM.attributes
                0x00000239       0x2d CMakeFiles/CLion_FreeRTOS_F103C8.elf.dir/Core/Src/gpio.c.obj
 .ARM.attributes
                0x00000266       0x2d CMakeFiles/CLion_FreeRTOS_F103C8.elf.dir/Core/Src/main.c.obj
 .ARM.attributes
                0x00000293       0x2d CMakeFiles/CLion_FreeRTOS_F103C8.elf.dir/Core/Src/stm32f1xx_hal_msp.c.obj
 .ARM.attributes
                0x000002c0       0x2d CMakeFiles/CLion_FreeRTOS_F103C8.elf.dir/Core/Src/stm32f1xx_it.c.obj
 .ARM.attributes
                0x000002ed       0x2d CMakeFiles/CLion_FreeRTOS_F103C8.elf.dir/Core/Src/system_stm32f1xx.c.obj
 .ARM.attributes
                0x0000031a       0x2d CMakeFiles/CLion_FreeRTOS_F103C8.elf.dir/Core/Src/tim.c.obj
 .ARM.attributes
                0x00000347       0x21 CMakeFiles/CLion_FreeRTOS_F103C8.elf.dir/Core/Startup/startup_stm32f103c8tx.s.obj
 .ARM.attributes
                0x00000368       0x2d CMakeFiles/CLion_FreeRTOS_F103C8.elf.dir/Drivers/STM32F1xx_HAL_Driver/Src/stm32f1xx_hal.c.obj
 .ARM.attributes
                0x00000395       0x2d CMakeFiles/CLion_FreeRTOS_F103C8.elf.dir/Drivers/STM32F1xx_HAL_Driver/Src/stm32f1xx_hal_adc.c.obj
 .ARM.attributes
                0x000003c2       0x2d CMakeFiles/CLion_FreeRTOS_F103C8.elf.dir/Drivers/STM32F1xx_HAL_Driver/Src/stm32f1xx_hal_cortex.c.obj
 .ARM.attributes
                0x000003ef       0x2d CMakeFiles/CLion_FreeRTOS_F103C8.elf.dir/Drivers/STM32F1xx_HAL_Driver/Src/stm32f1xx_hal_gpio.c.obj
 .ARM.attributes
                0x0000041c       0x2d CMakeFiles/CLion_FreeRTOS_F103C8.elf.dir/Drivers/STM32F1xx_HAL_Driver/Src/stm32f1xx_hal_gpio_ex.c.obj
 .ARM.attributes
                0x00000449       0x2d CMakeFiles/CLion_FreeRTOS_F103C8.elf.dir/Drivers/STM32F1xx_HAL_Driver/Src/stm32f1xx_hal_rcc.c.obj
 .ARM.attributes
                0x00000476       0x2d CMakeFiles/CLion_FreeRTOS_F103C8.elf.dir/Drivers/STM32F1xx_HAL_Driver/Src/stm32f1xx_hal_rcc_ex.c.obj
 .ARM.attributes
                0x000004a3       0x2d CMakeFiles/CLion_FreeRTOS_F103C8.elf.dir/Drivers/STM32F1xx_HAL_Driver/Src/stm32f1xx_hal_tim.c.obj
 .ARM.attributes
                0x000004d0       0x2d CMakeFiles/CLion_FreeRTOS_F103C8.elf.dir/Drivers/STM32F1xx_HAL_Driver/Src/stm32f1xx_hal_tim_ex.c.obj
 .ARM.attributes
                0x000004fd       0x1d I:/arm-gnu-toolchain-13.2.rel1-mingw-w64-i686-arm-none-eabi/arm-gnu-toolchain-13.2.Rel1-mingw-w64-i686-arm-none-eabi/bin/../lib/gcc/arm-none-eabi/13.2.1/thumb/v7-m/nofp\libgcc.a(_arm_addsubdf3.o)
 .ARM.attributes
                0x0000051a       0x1d I:/arm-gnu-toolchain-13.2.rel1-mingw-w64-i686-arm-none-eabi/arm-gnu-toolchain-13.2.Rel1-mingw-w64-i686-arm-none-eabi/bin/../lib/gcc/arm-none-eabi/13.2.1/thumb/v7-m/nofp\libgcc.a(_arm_fixunsdfsi.o)
 .ARM.attributes
                0x00000537       0x1d I:/arm-gnu-toolchain-13.2.rel1-mingw-w64-i686-arm-none-eabi/arm-gnu-toolchain-13.2.Rel1-mingw-w64-i686-arm-none-eabi/bin/../lib/gcc/arm-none-eabi/13.2.1/thumb/v7-m/nofp\libgcc.a(_arm_addsubsf3.o)
 .ARM.attributes
                0x00000554       0x1d I:/arm-gnu-toolchain-13.2.rel1-mingw-w64-i686-arm-none-eabi/arm-gnu-toolchain-13.2.Rel1-mingw-w64-i686-arm-none-eabi/bin/../lib/gcc/arm-none-eabi/13.2.1/thumb/v7-m/nofp\libgcc.a(_arm_muldivsf3.o)
 .ARM.attributes
                0x00000571       0x1d I:/arm-gnu-toolchain-13.2.rel1-mingw-w64-i686-arm-none-eabi/arm-gnu-toolchain-13.2.Rel1-mingw-w64-i686-arm-none-eabi/bin/../lib/gcc/arm-none-eabi/13.2.1/thumb/v7-m/nofp\libgcc.a(_arm_fixsfsi.o)
 .ARM.attributes
                0x0000058e       0x2d I:/arm-gnu-toolchain-13.2.rel1-mingw-w64-i686-arm-none-eabi/arm-gnu-toolchain-13.2.Rel1-mingw-w64-i686-arm-none-eabi/bin/../lib/gcc/arm-none-eabi/13.2.1/thumb/v7-m/nofp\libg.a(libc_a-findfp.o)
 .ARM.attributes
                0x000005bb       0x2d I:/arm-gnu-toolchain-13.2.rel1-mingw-w64-i686-arm-none-eabi/arm-gnu-toolchain-13.2.Rel1-mingw-w64-i686-arm-none-eabi/bin/../lib/gcc/arm-none-eabi/13.2.1/thumb/v7-m/nofp\libg.a(libc_a-memset.o)
 .ARM.attributes
                0x000005e8       0x2d I:/arm-gnu-toolchain-13.2.rel1-mingw-w64-i686-arm-none-eabi/arm-gnu-toolchain-13.2.Rel1-mingw-w64-i686-arm-none-eabi/bin/../lib/gcc/arm-none-eabi/13.2.1/thumb/v7-m/nofp\libg.a(libc_a-impure.o)
 .ARM.attributes
                0x00000615       0x2d I:/arm-gnu-toolchain-13.2.rel1-mingw-w64-i686-arm-none-eabi/arm-gnu-toolchain-13.2.Rel1-mingw-w64-i686-arm-none-eabi/bin/../lib/gcc/arm-none-eabi/13.2.1/thumb/v7-m/nofp\libg.a(libc_a-errno.o)
 .ARM.attributes
                0x00000642       0x2d I:/arm-gnu-toolchain-13.2.rel1-mingw-w64-i686-arm-none-eabi/arm-gnu-toolchain-13.2.Rel1-mingw-w64-i686-arm-none-eabi/bin/../lib/gcc/arm-none-eabi/13.2.1/thumb/v7-m/nofp\libg.a(libc_a-init.o)
 .ARM.attributes
                0x0000066f       0x2d I:/arm-gnu-toolchain-13.2.rel1-mingw-w64-i686-arm-none-eabi/arm-gnu-toolchain-13.2.Rel1-mingw-w64-i686-arm-none-eabi/bin/../lib/gcc/arm-none-eabi/13.2.1/thumb/v7-m/nofp\libg.a(libc_a-lock.o)
 .ARM.attributes
                0x0000069c       0x2d I:/arm-gnu-toolchain-13.2.rel1-mingw-w64-i686-arm-none-eabi/arm-gnu-toolchain-13.2.Rel1-mingw-w64-i686-arm-none-eabi/bin/../lib/gcc/arm-none-eabi/13.2.1/thumb/v7-m/nofp\libg.a(libc_a-__call_atexit.o)
 .ARM.attributes
                0x000006c9       0x2d I:/arm-gnu-toolchain-13.2.rel1-mingw-w64-i686-arm-none-eabi/arm-gnu-toolchain-13.2.Rel1-mingw-w64-i686-arm-none-eabi/bin/../lib/gcc/arm-none-eabi/13.2.1/thumb/v7-m/nofp\libg.a(libc_a-atexit.o)
 .ARM.attributes
                0x000006f6       0x2d I:/arm-gnu-toolchain-13.2.rel1-mingw-w64-i686-arm-none-eabi/arm-gnu-toolchain-13.2.Rel1-mingw-w64-i686-arm-none-eabi/bin/../lib/gcc/arm-none-eabi/13.2.1/thumb/v7-m/nofp\libg.a(libc_a-fini.o)
 .ARM.attributes
                0x00000723       0x2d I:/arm-gnu-toolchain-13.2.rel1-mingw-w64-i686-arm-none-eabi/arm-gnu-toolchain-13.2.Rel1-mingw-w64-i686-arm-none-eabi/bin/../lib/gcc/arm-none-eabi/13.2.1/thumb/v7-m/nofp\libg.a(libc_a-__atexit.o)
 .ARM.attributes
                0x00000750       0x2d I:/arm-gnu-toolchain-13.2.rel1-mingw-w64-i686-arm-none-eabi/arm-gnu-toolchain-13.2.Rel1-mingw-w64-i686-arm-none-eabi/bin/../lib/gcc/arm-none-eabi/13.2.1/thumb/v7-m/nofp/crtend.o
 .ARM.attributes
                0x0000077d       0x1d I:/arm-gnu-toolchain-13.2.rel1-mingw-w64-i686-arm-none-eabi/arm-gnu-toolchain-13.2.Rel1-mingw-w64-i686-arm-none-eabi/bin/../lib/gcc/arm-none-eabi/13.2.1/thumb/v7-m/nofp/crtn.o
OUTPUT(CLion_FreeRTOS_F103C8.elf elf32-littlearm)
LOAD linker stubs
LOAD I:/arm-gnu-toolchain-13.2.rel1-mingw-w64-i686-arm-none-eabi/arm-gnu-toolchain-13.2.Rel1-mingw-w64-i686-arm-none-eabi/bin/../lib/gcc/arm-none-eabi/13.2.1/thumb/v7-m/nofp\libc.a
LOAD I:/arm-gnu-toolchain-13.2.rel1-mingw-w64-i686-arm-none-eabi/arm-gnu-toolchain-13.2.Rel1-mingw-w64-i686-arm-none-eabi/bin/../lib/gcc/arm-none-eabi/13.2.1/thumb/v7-m/nofp\libm.a
LOAD I:/arm-gnu-toolchain-13.2.rel1-mingw-w64-i686-arm-none-eabi/arm-gnu-toolchain-13.2.Rel1-mingw-w64-i686-arm-none-eabi/bin/../lib/gcc/arm-none-eabi/13.2.1/thumb/v7-m/nofp\libgcc.a

.debug_info     0x00000000    0x11d09
 .debug_info    0x00000000      0x87d CMakeFiles/CLion_FreeRTOS_F103C8.elf.dir/BSP/AD.c.obj
 .debug_info    0x0000087d      0xbef CMakeFiles/CLion_FreeRTOS_F103C8.elf.dir/BSP/HCSR04.c.obj
 .debug_info    0x0000146c      0x371 CMakeFiles/CLion_FreeRTOS_F103C8.elf.dir/BSP/JoyStick.c.obj
 .debug_info    0x000017dd      0x44c CMakeFiles/CLion_FreeRTOS_F103C8.elf.dir/BSP/Key.c.obj
 .debug_info    0x00001c29      0x484 CMakeFiles/CLion_FreeRTOS_F103C8.elf.dir/BSP/LED.c.obj
 .debug_info    0x000020ad      0x687 CMakeFiles/CLion_FreeRTOS_F103C8.elf.dir/BSP/MAX7219_Tube.c.obj
 .debug_info    0x00002734      0xdbc CMakeFiles/CLion_FreeRTOS_F103C8.elf.dir/BSP/OLED.c.obj
 .debug_info    0x000034f0      0xb63 CMakeFiles/CLion_FreeRTOS_F103C8.elf.dir/BSP/PWM.c.obj
 .debug_info    0x00004053      0xbbd CMakeFiles/CLion_FreeRTOS_F103C8.elf.dir/BSP/Passive_Buzzer.c.obj
 .debug_info    0x00004c10      0x3b9 CMakeFiles/CLion_FreeRTOS_F103C8.elf.dir/BSP/buzzer.c.obj
 .debug_info    0x00004fc9      0x83a CMakeFiles/CLion_FreeRTOS_F103C8.elf.dir/Core/Src/adc.c.obj
 .debug_info    0x00005803      0x6f2 CMakeFiles/CLion_FreeRTOS_F103C8.elf.dir/Core/Src/gpio.c.obj
 .debug_info    0x00005ef5      0x917 CMakeFiles/CLion_FreeRTOS_F103C8.elf.dir/Core/Src/main.c.obj
 .debug_info    0x0000680c      0x1f4 CMakeFiles/CLion_FreeRTOS_F103C8.elf.dir/Core/Src/stm32f1xx_hal_msp.c.obj
 .debug_info    0x00006a00     0x1230 CMakeFiles/CLion_FreeRTOS_F103C8.elf.dir/Core/Src/stm32f1xx_it.c.obj
 .debug_info    0x00007c30      0x22d CMakeFiles/CLion_FreeRTOS_F103C8.elf.dir/Core/Src/system_stm32f1xx.c.obj
 .debug_info    0x00007e5d      0xf2e CMakeFiles/CLion_FreeRTOS_F103C8.elf.dir/Core/Src/tim.c.obj
 .debug_info    0x00008d8b       0x30 CMakeFiles/CLion_FreeRTOS_F103C8.elf.dir/Core/Startup/startup_stm32f103c8tx.s.obj
 .debug_info    0x00008dbb      0x7a2 CMakeFiles/CLion_FreeRTOS_F103C8.elf.dir/Drivers/STM32F1xx_HAL_Driver/Src/stm32f1xx_hal.c.obj
 .debug_info    0x0000955d      0xed9 CMakeFiles/CLion_FreeRTOS_F103C8.elf.dir/Drivers/STM32F1xx_HAL_Driver/Src/stm32f1xx_hal_adc.c.obj
 .debug_info    0x0000a436      0xcd9 CMakeFiles/CLion_FreeRTOS_F103C8.elf.dir/Drivers/STM32F1xx_HAL_Driver/Src/stm32f1xx_hal_cortex.c.obj
 .debug_info    0x0000b10f      0x604 CMakeFiles/CLion_FreeRTOS_F103C8.elf.dir/Drivers/STM32F1xx_HAL_Driver/Src/stm32f1xx_hal_gpio.c.obj
 .debug_info    0x0000b713      0x154 CMakeFiles/CLion_FreeRTOS_F103C8.elf.dir/Drivers/STM32F1xx_HAL_Driver/Src/stm32f1xx_hal_gpio_ex.c.obj
 .debug_info    0x0000b867      0x9c7 CMakeFiles/CLion_FreeRTOS_F103C8.elf.dir/Drivers/STM32F1xx_HAL_Driver/Src/stm32f1xx_hal_rcc.c.obj
 .debug_info    0x0000c22e      0x420 CMakeFiles/CLion_FreeRTOS_F103C8.elf.dir/Drivers/STM32F1xx_HAL_Driver/Src/stm32f1xx_hal_rcc_ex.c.obj
 .debug_info    0x0000c64e     0x3c0f CMakeFiles/CLion_FreeRTOS_F103C8.elf.dir/Drivers/STM32F1xx_HAL_Driver/Src/stm32f1xx_hal_tim.c.obj
 .debug_info    0x0001025d     0x1aac CMakeFiles/CLion_FreeRTOS_F103C8.elf.dir/Drivers/STM32F1xx_HAL_Driver/Src/stm32f1xx_hal_tim_ex.c.obj

.debug_abbrev   0x00000000     0x34b5
 .debug_abbrev  0x00000000      0x1d2 CMakeFiles/CLion_FreeRTOS_F103C8.elf.dir/BSP/AD.c.obj
 .debug_abbrev  0x000001d2      0x27e CMakeFiles/CLion_FreeRTOS_F103C8.elf.dir/BSP/HCSR04.c.obj
 .debug_abbrev  0x00000450      0x185 CMakeFiles/CLion_FreeRTOS_F103C8.elf.dir/BSP/JoyStick.c.obj
 .debug_abbrev  0x000005d5      0x1e3 CMakeFiles/CLion_FreeRTOS_F103C8.elf.dir/BSP/Key.c.obj
 .debug_abbrev  0x000007b8      0x183 CMakeFiles/CLion_FreeRTOS_F103C8.elf.dir/BSP/LED.c.obj
 .debug_abbrev  0x0000093b      0x1b6 CMakeFiles/CLion_FreeRTOS_F103C8.elf.dir/BSP/MAX7219_Tube.c.obj
 .debug_abbrev  0x00000af1      0x25d CMakeFiles/CLion_FreeRTOS_F103C8.elf.dir/BSP/OLED.c.obj
 .debug_abbrev  0x00000d4e      0x231 CMakeFiles/CLion_FreeRTOS_F103C8.elf.dir/BSP/PWM.c.obj
 .debug_abbrev  0x00000f7f      0x206 CMakeFiles/CLion_FreeRTOS_F103C8.elf.dir/BSP/Passive_Buzzer.c.obj
 .debug_abbrev  0x00001185      0x1f3 CMakeFiles/CLion_FreeRTOS_F103C8.elf.dir/BSP/buzzer.c.obj
 .debug_abbrev  0x00001378      0x1ff CMakeFiles/CLion_FreeRTOS_F103C8.elf.dir/Core/Src/adc.c.obj
 .debug_abbrev  0x00001577      0x18e CMakeFiles/CLion_FreeRTOS_F103C8.elf.dir/Core/Src/gpio.c.obj
 .debug_abbrev  0x00001705      0x23b CMakeFiles/CLion_FreeRTOS_F103C8.elf.dir/Core/Src/main.c.obj
 .debug_abbrev  0x00001940       0xed CMakeFiles/CLion_FreeRTOS_F103C8.elf.dir/Core/Src/stm32f1xx_hal_msp.c.obj
 .debug_abbrev  0x00001a2d      0x27d CMakeFiles/CLion_FreeRTOS_F103C8.elf.dir/Core/Src/stm32f1xx_it.c.obj
 .debug_abbrev  0x00001caa      0x143 CMakeFiles/CLion_FreeRTOS_F103C8.elf.dir/Core/Src/system_stm32f1xx.c.obj
 .debug_abbrev  0x00001ded      0x290 CMakeFiles/CLion_FreeRTOS_F103C8.elf.dir/Core/Src/tim.c.obj
 .debug_abbrev  0x0000207d       0x24 CMakeFiles/CLion_FreeRTOS_F103C8.elf.dir/Core/Startup/startup_stm32f103c8tx.s.obj
 .debug_abbrev  0x000020a1      0x22d CMakeFiles/CLion_FreeRTOS_F103C8.elf.dir/Drivers/STM32F1xx_HAL_Driver/Src/stm32f1xx_hal.c.obj
 .debug_abbrev  0x000022ce      0x252 CMakeFiles/CLion_FreeRTOS_F103C8.elf.dir/Drivers/STM32F1xx_HAL_Driver/Src/stm32f1xx_hal_adc.c.obj
 .debug_abbrev  0x00002520      0x36d CMakeFiles/CLion_FreeRTOS_F103C8.elf.dir/Drivers/STM32F1xx_HAL_Driver/Src/stm32f1xx_hal_cortex.c.obj
 .debug_abbrev  0x0000288d      0x1f7 CMakeFiles/CLion_FreeRTOS_F103C8.elf.dir/Drivers/STM32F1xx_HAL_Driver/Src/stm32f1xx_hal_gpio.c.obj
 .debug_abbrev  0x00002a84       0xdb CMakeFiles/CLion_FreeRTOS_F103C8.elf.dir/Drivers/STM32F1xx_HAL_Driver/Src/stm32f1xx_hal_gpio_ex.c.obj
 .debug_abbrev  0x00002b5f      0x2a0 CMakeFiles/CLion_FreeRTOS_F103C8.elf.dir/Drivers/STM32F1xx_HAL_Driver/Src/stm32f1xx_hal_rcc.c.obj
 .debug_abbrev  0x00002dff      0x1d8 CMakeFiles/CLion_FreeRTOS_F103C8.elf.dir/Drivers/STM32F1xx_HAL_Driver/Src/stm32f1xx_hal_rcc_ex.c.obj
 .debug_abbrev  0x00002fd7      0x270 CMakeFiles/CLion_FreeRTOS_F103C8.elf.dir/Drivers/STM32F1xx_HAL_Driver/Src/stm32f1xx_hal_tim.c.obj
 .debug_abbrev  0x00003247      0x26e CMakeFiles/CLion_FreeRTOS_F103C8.elf.dir/Drivers/STM32F1xx_HAL_Driver/Src/stm32f1xx_hal_tim_ex.c.obj

.debug_loclists
                0x00000000     0x72ff
 .debug_loclists
                0x00000000       0x56 CMakeFiles/CLion_FreeRTOS_F103C8.elf.dir/BSP/AD.c.obj
 .debug_loclists
                0x00000056      0x123 CMakeFiles/CLion_FreeRTOS_F103C8.elf.dir/BSP/HCSR04.c.obj
 .debug_loclists
                0x00000179       0xfd CMakeFiles/CLion_FreeRTOS_F103C8.elf.dir/BSP/Key.c.obj
 .debug_loclists
                0x00000276       0xe4 CMakeFiles/CLion_FreeRTOS_F103C8.elf.dir/BSP/LED.c.obj
 .debug_loclists
                0x0000035a       0xf0 CMakeFiles/CLion_FreeRTOS_F103C8.elf.dir/BSP/MAX7219_Tube.c.obj
 .debug_loclists
                0x0000044a      0x54d CMakeFiles/CLion_FreeRTOS_F103C8.elf.dir/BSP/OLED.c.obj
 .debug_loclists
                0x00000997       0x98 CMakeFiles/CLion_FreeRTOS_F103C8.elf.dir/BSP/PWM.c.obj
 .debug_loclists
                0x00000a2f      0x27a CMakeFiles/CLion_FreeRTOS_F103C8.elf.dir/BSP/Passive_Buzzer.c.obj
 .debug_loclists
                0x00000ca9       0x49 CMakeFiles/CLion_FreeRTOS_F103C8.elf.dir/BSP/buzzer.c.obj
 .debug_loclists
                0x00000cf2       0x74 CMakeFiles/CLion_FreeRTOS_F103C8.elf.dir/Core/Src/adc.c.obj
 .debug_loclists
                0x00000d66       0x17 CMakeFiles/CLion_FreeRTOS_F103C8.elf.dir/Core/Src/stm32f1xx_hal_msp.c.obj
 .debug_loclists
                0x00000d7d       0x59 CMakeFiles/CLion_FreeRTOS_F103C8.elf.dir/Core/Src/stm32f1xx_it.c.obj
 .debug_loclists
                0x00000dd6       0xb7 CMakeFiles/CLion_FreeRTOS_F103C8.elf.dir/Core/Src/system_stm32f1xx.c.obj
 .debug_loclists
                0x00000e8d       0xcf CMakeFiles/CLion_FreeRTOS_F103C8.elf.dir/Core/Src/tim.c.obj
 .debug_loclists
                0x00000f5c       0xe1 CMakeFiles/CLion_FreeRTOS_F103C8.elf.dir/Drivers/STM32F1xx_HAL_Driver/Src/stm32f1xx_hal.c.obj
 .debug_loclists
                0x0000103d      0x7c5 CMakeFiles/CLion_FreeRTOS_F103C8.elf.dir/Drivers/STM32F1xx_HAL_Driver/Src/stm32f1xx_hal_adc.c.obj
 .debug_loclists
                0x00001802      0x530 CMakeFiles/CLion_FreeRTOS_F103C8.elf.dir/Drivers/STM32F1xx_HAL_Driver/Src/stm32f1xx_hal_cortex.c.obj
 .debug_loclists
                0x00001d32      0x318 CMakeFiles/CLion_FreeRTOS_F103C8.elf.dir/Drivers/STM32F1xx_HAL_Driver/Src/stm32f1xx_hal_gpio.c.obj
 .debug_loclists
                0x0000204a       0x29 CMakeFiles/CLion_FreeRTOS_F103C8.elf.dir/Drivers/STM32F1xx_HAL_Driver/Src/stm32f1xx_hal_gpio_ex.c.obj
 .debug_loclists
                0x00002073      0x42e CMakeFiles/CLion_FreeRTOS_F103C8.elf.dir/Drivers/STM32F1xx_HAL_Driver/Src/stm32f1xx_hal_rcc.c.obj
 .debug_loclists
                0x000024a1      0x2eb CMakeFiles/CLion_FreeRTOS_F103C8.elf.dir/Drivers/STM32F1xx_HAL_Driver/Src/stm32f1xx_hal_rcc_ex.c.obj
 .debug_loclists
                0x0000278c     0x37db CMakeFiles/CLion_FreeRTOS_F103C8.elf.dir/Drivers/STM32F1xx_HAL_Driver/Src/stm32f1xx_hal_tim.c.obj
 .debug_loclists
                0x00005f67     0x1398 CMakeFiles/CLion_FreeRTOS_F103C8.elf.dir/Drivers/STM32F1xx_HAL_Driver/Src/stm32f1xx_hal_tim_ex.c.obj

.debug_aranges  0x00000000      0xda8
 .debug_aranges
                0x00000000       0x28 CMakeFiles/CLion_FreeRTOS_F103C8.elf.dir/BSP/AD.c.obj
 .debug_aranges
                0x00000028       0x48 CMakeFiles/CLion_FreeRTOS_F103C8.elf.dir/BSP/HCSR04.c.obj
 .debug_aranges
                0x00000070       0x38 CMakeFiles/CLion_FreeRTOS_F103C8.elf.dir/BSP/JoyStick.c.obj
 .debug_aranges
                0x000000a8       0x40 CMakeFiles/CLion_FreeRTOS_F103C8.elf.dir/BSP/Key.c.obj
 .debug_aranges
                0x000000e8       0x48 CMakeFiles/CLion_FreeRTOS_F103C8.elf.dir/BSP/LED.c.obj
 .debug_aranges
                0x00000130       0x48 CMakeFiles/CLion_FreeRTOS_F103C8.elf.dir/BSP/MAX7219_Tube.c.obj
 .debug_aranges
                0x00000178       0x98 CMakeFiles/CLion_FreeRTOS_F103C8.elf.dir/BSP/OLED.c.obj
 .debug_aranges
                0x00000210       0x48 CMakeFiles/CLion_FreeRTOS_F103C8.elf.dir/BSP/PWM.c.obj
 .debug_aranges
                0x00000258       0x48 CMakeFiles/CLion_FreeRTOS_F103C8.elf.dir/BSP/Passive_Buzzer.c.obj
 .debug_aranges
                0x000002a0       0x38 CMakeFiles/CLion_FreeRTOS_F103C8.elf.dir/BSP/buzzer.c.obj
 .debug_aranges
                0x000002d8       0x30 CMakeFiles/CLion_FreeRTOS_F103C8.elf.dir/Core/Src/adc.c.obj
 .debug_aranges
                0x00000308       0x20 CMakeFiles/CLion_FreeRTOS_F103C8.elf.dir/Core/Src/gpio.c.obj
 .debug_aranges
                0x00000328       0x30 CMakeFiles/CLion_FreeRTOS_F103C8.elf.dir/Core/Src/main.c.obj
 .debug_aranges
                0x00000358       0x20 CMakeFiles/CLion_FreeRTOS_F103C8.elf.dir/Core/Src/stm32f1xx_hal_msp.c.obj
 .debug_aranges
                0x00000378       0x88 CMakeFiles/CLion_FreeRTOS_F103C8.elf.dir/Core/Src/stm32f1xx_it.c.obj
 .debug_aranges
                0x00000400       0x28 CMakeFiles/CLion_FreeRTOS_F103C8.elf.dir/Core/Src/system_stm32f1xx.c.obj
 .debug_aranges
                0x00000428       0x48 CMakeFiles/CLion_FreeRTOS_F103C8.elf.dir/Core/Src/tim.c.obj
 .debug_aranges
                0x00000470       0x28 CMakeFiles/CLion_FreeRTOS_F103C8.elf.dir/Core/Startup/startup_stm32f103c8tx.s.obj
 .debug_aranges
                0x00000498       0xe0 CMakeFiles/CLion_FreeRTOS_F103C8.elf.dir/Drivers/STM32F1xx_HAL_Driver/Src/stm32f1xx_hal.c.obj
 .debug_aranges
                0x00000578       0xf0 CMakeFiles/CLion_FreeRTOS_F103C8.elf.dir/Drivers/STM32F1xx_HAL_Driver/Src/stm32f1xx_hal_adc.c.obj
 .debug_aranges
                0x00000668       0xc0 CMakeFiles/CLion_FreeRTOS_F103C8.elf.dir/Drivers/STM32F1xx_HAL_Driver/Src/stm32f1xx_hal_cortex.c.obj
 .debug_aranges
                0x00000728       0x58 CMakeFiles/CLion_FreeRTOS_F103C8.elf.dir/Drivers/STM32F1xx_HAL_Driver/Src/stm32f1xx_hal_gpio.c.obj
 .debug_aranges
                0x00000780       0x30 CMakeFiles/CLion_FreeRTOS_F103C8.elf.dir/Drivers/STM32F1xx_HAL_Driver/Src/stm32f1xx_hal_gpio_ex.c.obj
 .debug_aranges
                0x000007b0       0x90 CMakeFiles/CLion_FreeRTOS_F103C8.elf.dir/Drivers/STM32F1xx_HAL_Driver/Src/stm32f1xx_hal_rcc.c.obj
 .debug_aranges
                0x00000840       0x30 CMakeFiles/CLion_FreeRTOS_F103C8.elf.dir/Drivers/STM32F1xx_HAL_Driver/Src/stm32f1xx_hal_rcc_ex.c.obj
 .debug_aranges
                0x00000870      0x3d0 CMakeFiles/CLion_FreeRTOS_F103C8.elf.dir/Drivers/STM32F1xx_HAL_Driver/Src/stm32f1xx_hal_tim.c.obj
 .debug_aranges
                0x00000c40      0x168 CMakeFiles/CLion_FreeRTOS_F103C8.elf.dir/Drivers/STM32F1xx_HAL_Driver/Src/stm32f1xx_hal_tim_ex.c.obj

.debug_rnglists
                0x00000000      0xa32
 .debug_rnglists
                0x00000000       0x19 CMakeFiles/CLion_FreeRTOS_F103C8.elf.dir/BSP/AD.c.obj
 .debug_rnglists
                0x00000019       0x33 CMakeFiles/CLion_FreeRTOS_F103C8.elf.dir/BSP/HCSR04.c.obj
 .debug_rnglists
                0x0000004c       0x25 CMakeFiles/CLion_FreeRTOS_F103C8.elf.dir/BSP/JoyStick.c.obj
 .debug_rnglists
                0x00000071       0x2b CMakeFiles/CLion_FreeRTOS_F103C8.elf.dir/BSP/Key.c.obj
 .debug_rnglists
                0x0000009c       0x31 CMakeFiles/CLion_FreeRTOS_F103C8.elf.dir/BSP/LED.c.obj
 .debug_rnglists
                0x000000cd       0x31 CMakeFiles/CLion_FreeRTOS_F103C8.elf.dir/BSP/MAX7219_Tube.c.obj
 .debug_rnglists
                0x000000fe       0x6e CMakeFiles/CLion_FreeRTOS_F103C8.elf.dir/BSP/OLED.c.obj
 .debug_rnglists
                0x0000016c       0x33 CMakeFiles/CLion_FreeRTOS_F103C8.elf.dir/BSP/PWM.c.obj
 .debug_rnglists
                0x0000019f       0x32 CMakeFiles/CLion_FreeRTOS_F103C8.elf.dir/BSP/Passive_Buzzer.c.obj
 .debug_rnglists
                0x000001d1       0x25 CMakeFiles/CLion_FreeRTOS_F103C8.elf.dir/BSP/buzzer.c.obj
 .debug_rnglists
                0x000001f6       0x1f CMakeFiles/CLion_FreeRTOS_F103C8.elf.dir/Core/Src/adc.c.obj
 .debug_rnglists
                0x00000215       0x14 CMakeFiles/CLion_FreeRTOS_F103C8.elf.dir/Core/Src/gpio.c.obj
 .debug_rnglists
                0x00000229       0x21 CMakeFiles/CLion_FreeRTOS_F103C8.elf.dir/Core/Src/main.c.obj
 .debug_rnglists
                0x0000024a       0x13 CMakeFiles/CLion_FreeRTOS_F103C8.elf.dir/Core/Src/stm32f1xx_hal_msp.c.obj
 .debug_rnglists
                0x0000025d       0x64 CMakeFiles/CLion_FreeRTOS_F103C8.elf.dir/Core/Src/stm32f1xx_it.c.obj
 .debug_rnglists
                0x000002c1       0x1a CMakeFiles/CLion_FreeRTOS_F103C8.elf.dir/Core/Src/system_stm32f1xx.c.obj
 .debug_rnglists
                0x000002db       0x35 CMakeFiles/CLion_FreeRTOS_F103C8.elf.dir/Core/Src/tim.c.obj
 .debug_rnglists
                0x00000310       0x19 CMakeFiles/CLion_FreeRTOS_F103C8.elf.dir/Core/Startup/startup_stm32f103c8tx.s.obj
 .debug_rnglists
                0x00000329       0xa3 CMakeFiles/CLion_FreeRTOS_F103C8.elf.dir/Drivers/STM32F1xx_HAL_Driver/Src/stm32f1xx_hal.c.obj
 .debug_rnglists
                0x000003cc       0xb8 CMakeFiles/CLion_FreeRTOS_F103C8.elf.dir/Drivers/STM32F1xx_HAL_Driver/Src/stm32f1xx_hal_adc.c.obj
 .debug_rnglists
                0x00000484       0x8b CMakeFiles/CLion_FreeRTOS_F103C8.elf.dir/Drivers/STM32F1xx_HAL_Driver/Src/stm32f1xx_hal_cortex.c.obj
 .debug_rnglists
                0x0000050f       0x3f CMakeFiles/CLion_FreeRTOS_F103C8.elf.dir/Drivers/STM32F1xx_HAL_Driver/Src/stm32f1xx_hal_gpio.c.obj
 .debug_rnglists
                0x0000054e       0x1f CMakeFiles/CLion_FreeRTOS_F103C8.elf.dir/Drivers/STM32F1xx_HAL_Driver/Src/stm32f1xx_hal_gpio_ex.c.obj
 .debug_rnglists
                0x0000056d       0x7d CMakeFiles/CLion_FreeRTOS_F103C8.elf.dir/Drivers/STM32F1xx_HAL_Driver/Src/stm32f1xx_hal_rcc.c.obj
 .debug_rnglists
                0x000005ea       0x2f CMakeFiles/CLion_FreeRTOS_F103C8.elf.dir/Drivers/STM32F1xx_HAL_Driver/Src/stm32f1xx_hal_rcc_ex.c.obj
 .debug_rnglists
                0x00000619      0x2ff CMakeFiles/CLion_FreeRTOS_F103C8.elf.dir/Drivers/STM32F1xx_HAL_Driver/Src/stm32f1xx_hal_tim.c.obj
 .debug_rnglists
                0x00000918      0x11a CMakeFiles/CLion_FreeRTOS_F103C8.elf.dir/Drivers/STM32F1xx_HAL_Driver/Src/stm32f1xx_hal_tim_ex.c.obj

.debug_line     0x00000000     0xe720
 .debug_line    0x00000000      0x381 CMakeFiles/CLion_FreeRTOS_F103C8.elf.dir/BSP/AD.c.obj
 .debug_line    0x00000381      0x55c CMakeFiles/CLion_FreeRTOS_F103C8.elf.dir/BSP/HCSR04.c.obj
 .debug_line    0x000008dd      0x2ed CMakeFiles/CLion_FreeRTOS_F103C8.elf.dir/BSP/JoyStick.c.obj
 .debug_line    0x00000bca      0x34a CMakeFiles/CLion_FreeRTOS_F103C8.elf.dir/BSP/Key.c.obj
 .debug_line    0x00000f14      0x340 CMakeFiles/CLion_FreeRTOS_F103C8.elf.dir/BSP/LED.c.obj
 .debug_line    0x00001254      0x3c3 CMakeFiles/CLion_FreeRTOS_F103C8.elf.dir/BSP/MAX7219_Tube.c.obj
 .debug_line    0x00001617      0x6e2 CMakeFiles/CLion_FreeRTOS_F103C8.elf.dir/BSP/OLED.c.obj
 .debug_line    0x00001cf9      0x4a6 CMakeFiles/CLion_FreeRTOS_F103C8.elf.dir/BSP/PWM.c.obj
 .debug_line    0x0000219f      0x4bc CMakeFiles/CLion_FreeRTOS_F103C8.elf.dir/BSP/Passive_Buzzer.c.obj
 .debug_line    0x0000265b      0x321 CMakeFiles/CLion_FreeRTOS_F103C8.elf.dir/BSP/buzzer.c.obj
 .debug_line    0x0000297c      0x3f3 CMakeFiles/CLion_FreeRTOS_F103C8.elf.dir/Core/Src/adc.c.obj
 .debug_line    0x00002d6f      0x3ff CMakeFiles/CLion_FreeRTOS_F103C8.elf.dir/Core/Src/gpio.c.obj
 .debug_line    0x0000316e      0x592 CMakeFiles/CLion_FreeRTOS_F103C8.elf.dir/Core/Src/main.c.obj
 .debug_line    0x00003700      0x227 CMakeFiles/CLion_FreeRTOS_F103C8.elf.dir/Core/Src/stm32f1xx_hal_msp.c.obj
 .debug_line    0x00003927      0x9a4 CMakeFiles/CLion_FreeRTOS_F103C8.elf.dir/Core/Src/stm32f1xx_it.c.obj
 .debug_line    0x000042cb      0x2ef CMakeFiles/CLion_FreeRTOS_F103C8.elf.dir/Core/Src/system_stm32f1xx.c.obj
 .debug_line    0x000045ba      0x6b6 CMakeFiles/CLion_FreeRTOS_F103C8.elf.dir/Core/Src/tim.c.obj
 .debug_line    0x00004c70       0x78 CMakeFiles/CLion_FreeRTOS_F103C8.elf.dir/Core/Startup/startup_stm32f103c8tx.s.obj
 .debug_line    0x00004ce8      0x61a CMakeFiles/CLion_FreeRTOS_F103C8.elf.dir/Drivers/STM32F1xx_HAL_Driver/Src/stm32f1xx_hal.c.obj
 .debug_line    0x00005302      0xf4f CMakeFiles/CLion_FreeRTOS_F103C8.elf.dir/Drivers/STM32F1xx_HAL_Driver/Src/stm32f1xx_hal_adc.c.obj
 .debug_line    0x00006251      0x772 CMakeFiles/CLion_FreeRTOS_F103C8.elf.dir/Drivers/STM32F1xx_HAL_Driver/Src/stm32f1xx_hal_cortex.c.obj
 .debug_line    0x000069c3      0x69b CMakeFiles/CLion_FreeRTOS_F103C8.elf.dir/Drivers/STM32F1xx_HAL_Driver/Src/stm32f1xx_hal_gpio.c.obj
 .debug_line    0x0000705e      0x267 CMakeFiles/CLion_FreeRTOS_F103C8.elf.dir/Drivers/STM32F1xx_HAL_Driver/Src/stm32f1xx_hal_gpio_ex.c.obj
 .debug_line    0x000072c5      0xd75 CMakeFiles/CLion_FreeRTOS_F103C8.elf.dir/Drivers/STM32F1xx_HAL_Driver/Src/stm32f1xx_hal_rcc.c.obj
 .debug_line    0x0000803a      0x575 CMakeFiles/CLion_FreeRTOS_F103C8.elf.dir/Drivers/STM32F1xx_HAL_Driver/Src/stm32f1xx_hal_rcc_ex.c.obj
 .debug_line    0x000085af     0x46ba CMakeFiles/CLion_FreeRTOS_F103C8.elf.dir/Drivers/STM32F1xx_HAL_Driver/Src/stm32f1xx_hal_tim.c.obj
 .debug_line    0x0000cc69     0x1ab7 CMakeFiles/CLion_FreeRTOS_F103C8.elf.dir/Drivers/STM32F1xx_HAL_Driver/Src/stm32f1xx_hal_tim_ex.c.obj

.debug_str      0x00000000     0x3c79
 .debug_str     0x00000000     0x3c79 CMakeFiles/CLion_FreeRTOS_F103C8.elf.dir/BSP/AD.c.obj
                                0x677 (size before relaxing)
 .debug_str     0x00003c79      0x8be CMakeFiles/CLion_FreeRTOS_F103C8.elf.dir/BSP/HCSR04.c.obj
 .debug_str     0x00003c79      0x30e CMakeFiles/CLion_FreeRTOS_F103C8.elf.dir/BSP/JoyStick.c.obj
 .debug_str     0x00003c79      0x321 CMakeFiles/CLion_FreeRTOS_F103C8.elf.dir/BSP/Key.c.obj
 .debug_str     0x00003c79      0x2ec CMakeFiles/CLion_FreeRTOS_F103C8.elf.dir/BSP/LED.c.obj
 .debug_str     0x00003c79      0x338 CMakeFiles/CLion_FreeRTOS_F103C8.elf.dir/BSP/MAX7219_Tube.c.obj
 .debug_str     0x00003c79      0x41d CMakeFiles/CLion_FreeRTOS_F103C8.elf.dir/BSP/OLED.c.obj
 .debug_str     0x00003c79      0x87a CMakeFiles/CLion_FreeRTOS_F103C8.elf.dir/BSP/PWM.c.obj
 .debug_str     0x00003c79      0x79b CMakeFiles/CLion_FreeRTOS_F103C8.elf.dir/BSP/Passive_Buzzer.c.obj
 .debug_str     0x00003c79      0x308 CMakeFiles/CLion_FreeRTOS_F103C8.elf.dir/BSP/buzzer.c.obj
 .debug_str     0x00003c79      0x661 CMakeFiles/CLion_FreeRTOS_F103C8.elf.dir/Core/Src/adc.c.obj
 .debug_str     0x00003c79      0x5f6 CMakeFiles/CLion_FreeRTOS_F103C8.elf.dir/Core/Src/gpio.c.obj
 .debug_str     0x00003c79      0x657 CMakeFiles/CLion_FreeRTOS_F103C8.elf.dir/Core/Src/main.c.obj
 .debug_str     0x00003c79      0x24f CMakeFiles/CLion_FreeRTOS_F103C8.elf.dir/Core/Src/stm32f1xx_hal_msp.c.obj
 .debug_str     0x00003c79      0x928 CMakeFiles/CLion_FreeRTOS_F103C8.elf.dir/Core/Src/stm32f1xx_it.c.obj
 .debug_str     0x00003c79      0x284 CMakeFiles/CLion_FreeRTOS_F103C8.elf.dir/Core/Src/system_stm32f1xx.c.obj
 .debug_str     0x00003c79      0xc9e CMakeFiles/CLion_FreeRTOS_F103C8.elf.dir/Core/Src/tim.c.obj
 .debug_str     0x00003c79       0x95 CMakeFiles/CLion_FreeRTOS_F103C8.elf.dir/Core/Startup/startup_stm32f103c8tx.s.obj
 .debug_str     0x00003c79      0x85e CMakeFiles/CLion_FreeRTOS_F103C8.elf.dir/Drivers/STM32F1xx_HAL_Driver/Src/stm32f1xx_hal.c.obj
 .debug_str     0x00003c79      0x90a CMakeFiles/CLion_FreeRTOS_F103C8.elf.dir/Drivers/STM32F1xx_HAL_Driver/Src/stm32f1xx_hal_adc.c.obj
 .debug_str     0x00003c79      0x903 CMakeFiles/CLion_FreeRTOS_F103C8.elf.dir/Drivers/STM32F1xx_HAL_Driver/Src/stm32f1xx_hal_cortex.c.obj
 .debug_str     0x00003c79      0x430 CMakeFiles/CLion_FreeRTOS_F103C8.elf.dir/Drivers/STM32F1xx_HAL_Driver/Src/stm32f1xx_hal_gpio.c.obj
 .debug_str     0x00003c79      0x287 CMakeFiles/CLion_FreeRTOS_F103C8.elf.dir/Drivers/STM32F1xx_HAL_Driver/Src/stm32f1xx_hal_gpio_ex.c.obj
 .debug_str     0x00003c79      0x65b CMakeFiles/CLion_FreeRTOS_F103C8.elf.dir/Drivers/STM32F1xx_HAL_Driver/Src/stm32f1xx_hal_rcc.c.obj
 .debug_str     0x00003c79      0x403 CMakeFiles/CLion_FreeRTOS_F103C8.elf.dir/Drivers/STM32F1xx_HAL_Driver/Src/stm32f1xx_hal_rcc_ex.c.obj
 .debug_str     0x00003c79     0x16b5 CMakeFiles/CLion_FreeRTOS_F103C8.elf.dir/Drivers/STM32F1xx_HAL_Driver/Src/stm32f1xx_hal_tim.c.obj
 .debug_str     0x00003c79      0xec1 CMakeFiles/CLion_FreeRTOS_F103C8.elf.dir/Drivers/STM32F1xx_HAL_Driver/Src/stm32f1xx_hal_tim_ex.c.obj

.comment        0x00000000       0x44
 .comment       0x00000000       0x44 CMakeFiles/CLion_FreeRTOS_F103C8.elf.dir/BSP/AD.c.obj
                                 0x45 (size before relaxing)
 .comment       0x00000044       0x45 CMakeFiles/CLion_FreeRTOS_F103C8.elf.dir/BSP/HCSR04.c.obj
 .comment       0x00000044       0x45 CMakeFiles/CLion_FreeRTOS_F103C8.elf.dir/BSP/JoyStick.c.obj
 .comment       0x00000044       0x45 CMakeFiles/CLion_FreeRTOS_F103C8.elf.dir/BSP/Key.c.obj
 .comment       0x00000044       0x45 CMakeFiles/CLion_FreeRTOS_F103C8.elf.dir/BSP/LED.c.obj
 .comment       0x00000044       0x45 CMakeFiles/CLion_FreeRTOS_F103C8.elf.dir/BSP/MAX7219_Tube.c.obj
 .comment       0x00000044       0x45 CMakeFiles/CLion_FreeRTOS_F103C8.elf.dir/BSP/OLED.c.obj
 .comment       0x00000044       0x45 CMakeFiles/CLion_FreeRTOS_F103C8.elf.dir/BSP/PWM.c.obj
 .comment       0x00000044       0x45 CMakeFiles/CLion_FreeRTOS_F103C8.elf.dir/BSP/Passive_Buzzer.c.obj
 .comment       0x00000044       0x45 CMakeFiles/CLion_FreeRTOS_F103C8.elf.dir/BSP/buzzer.c.obj
 .comment       0x00000044       0x45 CMakeFiles/CLion_FreeRTOS_F103C8.elf.dir/Core/Src/adc.c.obj
 .comment       0x00000044       0x45 CMakeFiles/CLion_FreeRTOS_F103C8.elf.dir/Core/Src/gpio.c.obj
 .comment       0x00000044       0x45 CMakeFiles/CLion_FreeRTOS_F103C8.elf.dir/Core/Src/main.c.obj
 .comment       0x00000044       0x45 CMakeFiles/CLion_FreeRTOS_F103C8.elf.dir/Core/Src/stm32f1xx_hal_msp.c.obj
 .comment       0x00000044       0x45 CMakeFiles/CLion_FreeRTOS_F103C8.elf.dir/Core/Src/stm32f1xx_it.c.obj
 .comment       0x00000044       0x45 CMakeFiles/CLion_FreeRTOS_F103C8.elf.dir/Core/Src/system_stm32f1xx.c.obj
 .comment       0x00000044       0x45 CMakeFiles/CLion_FreeRTOS_F103C8.elf.dir/Core/Src/tim.c.obj
 .comment       0x00000044       0x45 CMakeFiles/CLion_FreeRTOS_F103C8.elf.dir/Drivers/STM32F1xx_HAL_Driver/Src/stm32f1xx_hal.c.obj
 .comment       0x00000044       0x45 CMakeFiles/CLion_FreeRTOS_F103C8.elf.dir/Drivers/STM32F1xx_HAL_Driver/Src/stm32f1xx_hal_adc.c.obj
 .comment       0x00000044       0x45 CMakeFiles/CLion_FreeRTOS_F103C8.elf.dir/Drivers/STM32F1xx_HAL_Driver/Src/stm32f1xx_hal_cortex.c.obj
 .comment       0x00000044       0x45 CMakeFiles/CLion_FreeRTOS_F103C8.elf.dir/Drivers/STM32F1xx_HAL_Driver/Src/stm32f1xx_hal_gpio.c.obj
 .comment       0x00000044       0x45 CMakeFiles/CLion_FreeRTOS_F103C8.elf.dir/Drivers/STM32F1xx_HAL_Driver/Src/stm32f1xx_hal_gpio_ex.c.obj
 .comment       0x00000044       0x45 CMakeFiles/CLion_FreeRTOS_F103C8.elf.dir/Drivers/STM32F1xx_HAL_Driver/Src/stm32f1xx_hal_rcc.c.obj
 .comment       0x00000044       0x45 CMakeFiles/CLion_FreeRTOS_F103C8.elf.dir/Drivers/STM32F1xx_HAL_Driver/Src/stm32f1xx_hal_rcc_ex.c.obj
 .comment       0x00000044       0x45 CMakeFiles/CLion_FreeRTOS_F103C8.elf.dir/Drivers/STM32F1xx_HAL_Driver/Src/stm32f1xx_hal_tim.c.obj
 .comment       0x00000044       0x45 CMakeFiles/CLion_FreeRTOS_F103C8.elf.dir/Drivers/STM32F1xx_HAL_Driver/Src/stm32f1xx_hal_tim_ex.c.obj

.debug_frame    0x00000000     0x2770
 .debug_frame   0x00000000       0x50 CMakeFiles/CLion_FreeRTOS_F103C8.elf.dir/BSP/AD.c.obj
 .debug_frame   0x00000050       0xb0 CMakeFiles/CLion_FreeRTOS_F103C8.elf.dir/BSP/HCSR04.c.obj
 .debug_frame   0x00000100       0x74 CMakeFiles/CLion_FreeRTOS_F103C8.elf.dir/BSP/JoyStick.c.obj
 .debug_frame   0x00000174       0x88 CMakeFiles/CLion_FreeRTOS_F103C8.elf.dir/BSP/Key.c.obj
 .debug_frame   0x000001fc       0xb8 CMakeFiles/CLion_FreeRTOS_F103C8.elf.dir/BSP/LED.c.obj
 .debug_frame   0x000002b4       0xbc CMakeFiles/CLion_FreeRTOS_F103C8.elf.dir/BSP/MAX7219_Tube.c.obj
 .debug_frame   0x00000370      0x1d8 CMakeFiles/CLion_FreeRTOS_F103C8.elf.dir/BSP/OLED.c.obj
 .debug_frame   0x00000548       0xa0 CMakeFiles/CLion_FreeRTOS_F103C8.elf.dir/BSP/PWM.c.obj
 .debug_frame   0x000005e8       0xa8 CMakeFiles/CLion_FreeRTOS_F103C8.elf.dir/BSP/Passive_Buzzer.c.obj
 .debug_frame   0x00000690       0x78 CMakeFiles/CLion_FreeRTOS_F103C8.elf.dir/BSP/buzzer.c.obj
 .debug_frame   0x00000708       0x68 CMakeFiles/CLion_FreeRTOS_F103C8.elf.dir/Core/Src/adc.c.obj
 .debug_frame   0x00000770       0x38 CMakeFiles/CLion_FreeRTOS_F103C8.elf.dir/Core/Src/gpio.c.obj
 .debug_frame   0x000007a8       0x58 CMakeFiles/CLion_FreeRTOS_F103C8.elf.dir/Core/Src/main.c.obj
 .debug_frame   0x00000800       0x28 CMakeFiles/CLion_FreeRTOS_F103C8.elf.dir/Core/Src/stm32f1xx_hal_msp.c.obj
 .debug_frame   0x00000828      0x12c CMakeFiles/CLion_FreeRTOS_F103C8.elf.dir/Core/Src/stm32f1xx_it.c.obj
 .debug_frame   0x00000954       0x30 CMakeFiles/CLion_FreeRTOS_F103C8.elf.dir/Core/Src/system_stm32f1xx.c.obj
 .debug_frame   0x00000984       0xc8 CMakeFiles/CLion_FreeRTOS_F103C8.elf.dir/Core/Src/tim.c.obj
 .debug_frame   0x00000a4c      0x1cc CMakeFiles/CLion_FreeRTOS_F103C8.elf.dir/Drivers/STM32F1xx_HAL_Driver/Src/stm32f1xx_hal.c.obj